python : Building prefix dict from the default dictionary ...
At line:1 char:849
+ ... n tools\_patch_series.py; python tools\diag_retrieval.py *>&1 | Out-F ...
+                               ~~~~~~~~~~~~~~~~~~~~~~~~~~~~~~~~~~~
    + CategoryInfo          : NotSpecified: (Building prefix... dictionary ...:String) [], RemoteException
    + FullyQualifiedErrorId : NativeCommandError
 
Loading model from cache C:\Users\30274\AppData\Local\Temp\jieba.cache
Loading model cost 0.500 seconds.
Prefix dict has been built successfully.
==========================================================================================
Q: 报告期内，武汉兴图新科电子股份有限公司来自军用领域的收入分别是多少？
core: 来自军用领域收入 | type: table | doc: 招股说明书1.pdf
kw: ['来自', '军用', '领域', '收入']
expand: ['来自军用领域收入', '来自 军用 领域 收入', '武汉兴图新科电子股份有限公司 武汉兴图新科电子股份有限公司来自军用领域 来自 军用 领域 收入', '国防 军方 军品 军队 销售额 营业收入 来自 军用 领域 收入', '来自 军用 领域 收入 万元 %']
[retrieval 2.35s | rerank 0.00s | candidates 106]
  0.920 | 招股说明书1.pdf p.39 text | 【（八）国家秘密泄露的风险】武汉兴图新科电子股份有限公司 招股意向书
（七）民用市场拓展风险
报告期内，公司产品主要应用于国防指挥信息系统，以及监狱、油田等少量
民用通信领域。报告期内公司在民用市场实现销售收入分别为 1
  0.918 | 招股说明书1.pdf p.343 text | 【5、主营业务收入季节波动性分析】% 458.64 2.32% 143.79 0.97% 121.83 1.55%
小计 277.57 5.66% 1,021.81 5.16% 398.56 2.69% 1,409.12
  0.900 | 招股说明书1.pdf p.129 text | 【6、发行人经营模式对其可持续经营能力的影响】控制
系统，重点应用于国防军队，并延伸至监狱、油田等行业。
由于发行人产品（包括嵌入式硬件）核心在于软件的开发、用户主要为我国
军方，从而发行人经营模式具有符合实际业务情况的
  0.839 | 招股说明书1.pdf p.130 text | 【6、发行人经营模式对其可持续经营能力的影响】武汉兴图新科电子股份有限公司 招股意向书
鉴于发行人来源于军用领域的而收入占比较高，发行人业绩的发展与军队的
信息化建设进程趋于一致。2016 年军改，全军进行了领导管理体制
  0.828 | 招股说明书1.pdf p.37 text | 【（三）营业收入及经营业绩的波动性风险】武汉兴图新科电子股份有限公司 招股意向书
接来自军方市场的收入每增加或减少 1%，发行人营业利润变动的情况如下表：
单位：万元
2019年1-6月 2018年度 2017年度 20
  0.824 | 招股说明书1.pdf p.378 text | 【3.17%和 3.31%，因此，视频预警控制类产品毛利率降低并不会对发行人主营业】 8,136.66 6,452.56 79.30% 3,031.18 2,220.98 73.27%
民品客户 398.57 58.28
  0.789 | 招股说明书1.pdf p.5 text | 【（四）应收账款规模较大的风险】武汉兴图新科电子股份有限公司 招股意向书
经测算，来自其他行业订单和收入不发生变化的情况下 ，发行人直接和间
接来自军方市场的收入每增加或减少 1%，发行人营业利润变动的情况如下表：
单位
  0.785 | 招股说明书1.pdf p.130 text | 【6、发行人经营模式对其可持续经营能力的影响】208.22
万元、16,014.91万元和4,401.33万元，占营业收入的比重分别为52.66%、68.58%、
80.83%和 89.72%。国防领域的客户集中属于行业
  [目标句 '6,464.51' 命中块数: 11]
     id=4 招股说明书1.pdf p.4 text: 【（二）行业及客户集中度较高的风险】武汉兴图新科电子股份有限公司 招股意向书
重大事项提示
发行人特别提请投资者注意，在作出投资决策之前，务必仔细阅读本招股
意向书“风险因素”章节的全部内容，并特别关注以下事项:
一、本公司特别提醒投资者注意“风险因素”中的下列特别风险
（一）新技术、新产品研发试制
     id=5 招股说明书1.pdf p.4 text: 【（二）行业及客户集中度较高的风险】风险。
（二）行业及客户集中度较高的风险
报告期内，公司主要向国防客户提供视频指挥控制、视频预警控制等视音频
系统产品，直接和间接向国防客户的销售额合计分别为 6,464.51万元、14,414.16万元、18,780.67 万元和 4,627.14 万元，占主营
     id=85 招股说明书1.pdf p.36 text: 【（一）行业及客户集中度较高的风险】武汉兴图新科电子股份有限公司 招股意向书
万元、2,834.28万元和1,512.81万元，分别占当年营业收入的 19.99%、10.13%、
14.30%和 30.84%。公司未来如不能准确把握新技术及新产品的发展方向，或者
在新技术、新产品方面的研发投入不能满
==========================================================================================
Q: 武汉力源信息技术股份有限公司组织结构图中，哪个销售部的销售处最多？有哪些销售处？
core: 组织结构图中 哪个销售部销售处最多 销售处 | type: figure | doc: 招股说明书2.pdf
kw: ['组织', '结构图', '销售部', '销售处']
expand: ['组织结构图中 哪个销售部销售处最多 销售处', '组织 结构图 销售部 销售处', '武汉力源信息技术股份有限公司 哪个销售部的销售处 有哪些销售处 组织 结构图 销售部 销售处', '组织架构图 组织结构 销售网点 销售办事处 组织 结构图 销售部 销售处', '组织 结构图 销售部 销售处 组织结构图 构成 销售处']
[retrieval 2.25s | rerank 0.00s | candidates 118]
  0.819 | 招股说明书2.pdf p.39 figure | 【组织结构图】组织结构图（《招股说明书2.pdf》第39页）
薪酬与考核委员会由4个机构构成：审计委员会、战略委员会、提名委员会、董事会。
审计委员会由1个部门构成：内部审计部。
董事会由4个机构构成：提名委员会、董事会
  0.596 | 招股说明书2.pdf p.37 text | 【四、发行人组织结构】武汉力源信息技术股份有限公司 招股意向书
事会秘书等高级管理人员均专职在公司工作并领取薪酬。本公司制定了《员工守
则》等一系列人力资源管理制度，建立了完善的薪酬福利体系，与全体员工均签
订了《劳动合
  0.586 | 招股说明书2.pdf p.239 text | 【1、销售商品】武汉力源信息技术股份有限公司 招股意向书
大客户直接与发行人的大客户部销售代表联系，确认订购事宜，并签订销售
合同。
销售代表根据销售合同，填制一式五联的出库单，提交财务部门应收账款管
理员审核。
财务部
  0.576 | 招股说明书2.pdf p.40 text | 【2、公司内部职能部门、分公司简介】武汉力源信息技术股份有限公司 招股意向书
2、公司内部职能部门、分公司简介
(1)内部职能部门
①市场开发部：负责编制采购计划、选择合格供应商、签订供货合同，负责
产品的采购、管理，负
  0.569 | 招股说明书2.pdf p.178 table | 【表格】江 涛: 在公司任职情况 深圳销售处经理；2.00；间接持股比例 0.04%
胡 涛: 在公司任职情况 电话及网络销售部经
理、监事会主席；1.00；间接持股比例 0.02%
  0.568 | 招股说明书2.pdf p.113 text | 【2、本公司销售模式】武汉力源信息技术股份有限公司 招股意向书
(4)大客户销售
力源信息是以中小企业为主要目标市场的目录销售商，业务以满足中小客户
的研发、试生产等小批量采购需求为主。但是，当客户的产品生产完成从小批量
  0.552 | 招股说明书2.pdf p.57 table | 【表格】1: 张 焱；42070019781024XXXX；未在本公司任职
2: 李红珍；34012319780210XXXX；未在本公司任职
3: 白 艳；62010219781102XXXX；未在本公司任职
4: 刘
  0.513 | 招股说明书2.pdf p.7 text | 【七、董事、监事、高级管理人员及其他核心人员做出的重要承诺及与发行】武汉力源信息技术股份有限公司 招股意向书
三、发行人重大资产重组情况 ...................................36
四、发
  [目标句 '大客户采取设立分公司' 命中块数: 1]
     id=1691 招股说明书2.pdf p.113 text: 【2、本公司销售模式】武汉力源信息技术股份有限公司 招股意向书
(4)大客户销售
力源信息是以中小企业为主要目标市场的目录销售商，业务以满足中小客户
的研发、试生产等小批量采购需求为主。但是，当客户的产品生产完成从小批量
生产到大批量生产的转变之后，其对 IC 产品的需求也将随之上升，也有部分在
中
==========================================================================================
单次向量编码: 2.09s
缓存后向量编码: 0.000s
