python : Building prefix dict from the default dictionary ...
At line:1 char:818
+ ... ; $env:PYTHONIOENCODING="utf-8"; python tools\diag_q1.py *>&1 | Out-F ...
+                                      ~~~~~~~~~~~~~~~~~~~~~~~~~~~~
    + CategoryInfo          : NotSpecified: (Building prefix... dictionary ...:String) [], RemoteException
    + FullyQualifiedErrorId : NativeCommandError
 
Loading model from cache C:\Users\30274\AppData\Local\Temp\jieba.cache
Loading model cost 0.505 seconds.
Prefix dict has been built successfully.
core: 来自军用领域收入 | kw: ['来自', '军用', '领域', '收入'] | syn: ['国防', '军方', '军品', '军队', '销售额', '营业收入', '销售收入'] | type: table
融合候选 106 个
目标块 id: {97, 4, 5, 85, 86}
  #0 id=882 rrf=0.1434 vec=0.671 bm25=29.023 招股说明书1.pdf p.343 text
  #1 id=995 rrf=0.1354 vec=0.667 bm25=24.931 招股说明书1.pdf p.378 text
  #2 id=1014 rrf=0.1244 vec=0.652 bm25=18.312 招股说明书1.pdf p.385 text
  #3 id=286 rrf=0.1231 vec=0.629 bm25=27.856 招股说明书1.pdf p.129 text
  #4 id=86 rrf=0.1051 vec=0.612 bm25=24.029 招股说明书1.pdf p.36 text  <<< 目标
      【（一）行业及客户集中度较高的风险】营风险⏎（一）行业及客户集中度较高的风险⏎报告期内，公司主要向国防客户提供视频指挥控制、视频预警控制等视音频⏎系统产品，直接和间接向国防客户的销售额合计分别为 6,464.51万元、14,414.16万元、18,780.67 万元和 4,627.14 万元，占主营业务收入的比重分别为 82.10%、⏎97.31%、94.84%和 94.34%；我国军工行业用户集
  #5 id=410 rrf=0.0884 vec=0.702 bm25=25.021 招股说明书1.pdf p.185 text
  #6 id=6 rrf=0.0867 vec=0.715 bm25=32.673 招股说明书1.pdf p.5 text
  #7 id=94 rrf=0.0867 vec=0.704 bm25=23.575 招股说明书1.pdf p.39 text
  #8 id=87 rrf=0.0857 vec=0.697 bm25=31.573 招股说明书1.pdf p.37 text
  #9 id=287 rrf=0.0812 vec=0.000 bm25=36.393 招股说明书1.pdf p.130 text
  #10 id=5 rrf=0.0765 vec=0.617 bm25=22.445 招股说明书1.pdf p.4 text  <<< 目标
      【（二）行业及客户集中度较高的风险】风险。⏎（二）行业及客户集中度较高的风险⏎报告期内，公司主要向国防客户提供视频指挥控制、视频预警控制等视音频⏎系统产品，直接和间接向国防客户的销售额合计分别为 6,464.51万元、14,414.16万元、18,780.67 万元和 4,627.14 万元，占主营业务收入的比重分别为 82.10%、⏎97.31%、94.84%和 94.34%；我国军工行业用户集
  #11 id=856 rrf=0.0727 vec=0.653 bm25=15.850 招股说明书1.pdf p.336 text
  #12 id=860 rrf=0.0726 vec=0.702 bm25=17.652 招股说明书1.pdf p.337 text
  #13 id=17 rrf=0.0721 vec=0.000 bm25=20.708 招股说明书1.pdf p.9 text
  #14 id=411 rrf=0.0690 vec=0.644 bm25=15.959 招股说明书1.pdf p.185 text
  #15 id=88 rrf=0.0662 vec=0.605 bm25=27.431 招股说明书1.pdf p.37 text
  #16 id=302 rrf=0.0655 vec=0.000 bm25=19.762 招股说明书1.pdf p.135 text
  #17 id=67 rrf=0.0637 vec=0.700 bm25=21.597 招股说明书1.pdf p.26 text
  #18 id=288 rrf=0.0634 vec=0.627 bm25=18.812 招股说明书1.pdf p.130 text
  #19 id=885 rrf=0.0612 vec=0.672 bm25=0.000 招股说明书1.pdf p.344 text
  #20 id=299 rrf=0.0608 vec=0.656 bm25=0.000 招股说明书1.pdf p.134 text
  #21 id=836 rrf=0.0602 vec=0.000 bm25=24.301 招股说明书1.pdf p.329 text
  #22 id=1350 rrf=0.0601 vec=0.677 bm25=0.000 招股说明书1.pdf p.492 text
  #23 id=333 rrf=0.0586 vec=0.666 bm25=16.792 招股说明书1.pdf p.149 text
  #24 id=881 rrf=0.0577 vec=0.000 bm25=25.488 招股说明书1.pdf p.343 text
  #25 id=1341 rrf=0.0567 vec=0.000 bm25=24.539 招股说明书1.pdf p.488 text
  #26 id=866 rrf=0.0566 vec=0.652 bm25=0.000 招股说明书1.pdf p.339 text
  #27 id=301 rrf=0.0555 vec=0.727 bm25=22.720 招股说明书1.pdf p.135 text
  #28 id=1323 rrf=0.0533 vec=0.000 bm25=23.875 招股说明书1.pdf p.480 text
  #29 id=1141 rrf=0.0531 vec=0.631 bm25=0.000 招股说明书1.pdf p.420 text
