共解析图形 5 个
----------------------------------------------------------------------
招股说明书1.pdf p.60 关系 5 条
【组织结构图】（一）股权结构图（《招股说明书1.pdf》第60页）
兴图新科由3个机构构成：华创兴图、兴图天建、武汉启目。
兴图天建由1个分公司构成：兴图天建武汉分公司。
武汉启目由1个机构构成：北京启目。
----------------------------------------------------------------------
招股说明书1.pdf p.114 关系 4 条
【组织结构图】组织结构图（《招股说明书1.pdf》第114页）
商务部由3个部门构成：采购部、行政部、硬件设计部。
硬件设计部由1个部门构成：采购部。
其他部门/机构：入库、通知领料、合格。
----------------------------------------------------------------------
招股说明书1.pdf p.116 关系 14 条
【组织结构图】组织结构图（《招股说明书1.pdf》第116页）
原型机定制原型机打样需求化采购任务打样测试合格后根批量定制化据客户订单提出批采购任务量采购需求个性化采购客户特定采购需求任务办公用品需求标准化采购任务客户订单相关需求由8个机构构成：客户订单相关需求、商务部、办公用品需求、行政部、打样测试合格后根据客户订单提出批量采购需求、原型机打样需求、硬件设计部、客户特定采购需求。
商务部由1个部门构成：采购部。
硬件设计部由4个机构构成：供应商报价、采购部、商务部、行政部。
采购部由1个机构构成：供应商报价。
其他部门/机构：批量定制化采购任务、标准化采购任务、个性化采购任务、原型机定制化采购任务。
----------------------------------------------------------------------
招股说明书2.pdf p.38 关系 10 条
【组织结构图】(二)发行人内部组织结构图（《招股说明书2.pdf》第38页）
宁波博润由9个机构构成：武汉力源信息技术股份有限公司、上海博丰、吴伟钢、武汉博润、听音投资、赵马克、融冰投资、联众聚源、上海博润。
武汉力源信息技术股份有限公司由1个机构构成：武汉力源(香港)信息技术有限公司。
----------------------------------------------------------------------
招股说明书2.pdf p.39 关系 28 条
【组织结构图】组织结构图（《招股说明书2.pdf》第39页）
薪酬与考核委员会由4个机构构成：审计委员会、战略委员会、提名委员会、董事会。
审计委员会由1个部门构成：内部审计部。
董事会由4个机构构成：提名委员会、董事会秘书、总经理、监事会。
董事会秘书由1个部门构成：证券部。
总经理由7个机构构成：上海分公司、物流部、行政人事部、销售部、信息系统部、市场开发部、财务部。
销售部由4个部门构成：国际贸易部、大客户销售部、渠道销售部、电话及网络销售部。
市场开发部由1个中心构成：研发中心。
大客户销售部由6个销售处构成：成都销售处、广州销售处、武汉销售处、北京销售处、深圳销售处、珠海销售处。
