工单编号：人工智能NLP-RAG-金融问答系统部署
验收时间：2026-10-07 19:47:35
Docker  ：29.2.1

════ 验收一：容器启动与运行 ════
  [通过] 镜像 rag-finance:1.0 存在（3.40 GB）
  · 用纯 docker run 起一个临时容器验证（宿主机端口 7861）
  [通过] docker run 启动成功
  · 等待服务就绪（最多 240 秒，首次要加载 BGE-M3）
  [通过] 指定端口 7861 已提供服务（第 10 秒就绪）
  [通过] 容器状态 running
  · 检查容器日志有无异常
  [通过] 日志无异常关键字（全文见 测试/rag-verify.log）

════ 验收二：容器数据管理 ════
  [通过] 数据卷 rag-finance_model-data 存在
  [通过] 数据卷 rag-finance_kb-data 存在
  [通过] 知识库在数据卷内：/kb/ccf_competition（chunks.json dense.npy docs.json meta.json sparse.json ）
  · 删除容器后重建，验证数据未丢失
  [通过] 容器重建后数据仍在（卷持久化生效）
  · 起第二个容器挂同一个卷，验证共享
  [通过] 另一容器可读到同一个卷里的知识库（容器间数据共享生效）

════ 验收三：网络配置 ════
  [通过] 自定义网络 rag-finance_rag-net 存在
  · 从 rag-app 容器内探测 RTMP 服务（容器名 + 端口）
  [通过] RTMP 服务容器 rtmp-server 在运行
RTMP rtmp-server:1935 可达
HTTP状态页 rtmp-server:80 可达
  [通过] rag-app → rtmp-server:1935 网络连通
  [通过] 容器名 DNS 解析正常（解析到 172.19.0.2）

════ 功能：金融问答服务 ════
  · 在容器内跑一次完整 RAG 链路（BGE-M3 检索 + 大模型生成）
ANSWER: 平安银行2019年末的拨备覆盖率（不良贷款拨备覆盖率）为 **183.12%**。   依据：第44页。
META: 多轮：原样（无上下文可依） | 耗时 5.31s | 意图：数据查询 | 语言：zh | 消歧：无 | 实体：平安银行 | 数字：2019年 | 子问题：0 个 | 检索策略：hybrid（alpha=0.5，融合=weighted，重排=none） | 召回 8 块
  [通过] 金融问答正确（问到拨备覆盖率 183.12%）

════ 清理 ════
  临时容器 rag-verify 已删除

════════ 汇总 ════════
通过 15 项，失败 0 项
完整日志：/d/Pycharm/yzq/zg6/工单10/测试/验收结果.log
