2026-09-23 22:05:49,758 INFO o.a.j.u.JMeterUtils: Setting Locale to en_EN
2026-09-23 22:05:49,766 INFO o.a.j.JMeter: Loading user properties from: D:\model_JMeter\apache-jmeter-5.6.3\bin\user.properties
2026-09-23 22:05:49,767 INFO o.a.j.JMeter: Loading system properties from: D:\model_JMeter\apache-jmeter-5.6.3\bin\system.properties
2026-09-23 22:05:49,772 INFO o.a.j.JMeter: Copyright (c) 1998-2024 The Apache Software Foundation
2026-09-23 22:05:49,773 INFO o.a.j.JMeter: Version 5.6.3
2026-09-23 22:05:49,773 INFO o.a.j.JMeter: java.version=25.0.2
2026-09-23 22:05:49,773 INFO o.a.j.JMeter: java.vm.name=OpenJDK 64-Bit Server VM
2026-09-23 22:05:49,773 INFO o.a.j.JMeter: os.name=Windows 11
2026-09-23 22:05:49,773 INFO o.a.j.JMeter: os.arch=amd64
2026-09-23 22:05:49,773 INFO o.a.j.JMeter: os.version=10.0
2026-09-23 22:05:49,773 INFO o.a.j.JMeter: file.encoding=UTF-8
2026-09-23 22:05:49,773 INFO o.a.j.JMeter: java.awt.headless=null
2026-09-23 22:05:49,773 INFO o.a.j.JMeter: Max memory     =1073741824
2026-09-23 22:05:49,773 INFO o.a.j.JMeter: Available Processors =12
2026-09-23 22:05:49,781 INFO o.a.j.JMeter: Default Locale=English (EN)
2026-09-23 22:05:49,781 INFO o.a.j.JMeter: JMeter  Locale=English (EN)
2026-09-23 22:05:49,781 INFO o.a.j.JMeter: JMeterHome=D:\model_JMeter\apache-jmeter-5.6.3
2026-09-23 22:05:49,781 INFO o.a.j.JMeter: user.dir  =C:\Users\Administrator\Desktop\rag
2026-09-23 22:05:49,782 INFO o.a.j.JMeter: PWD       =C:\Users\Administrator\Desktop\rag
2026-09-23 22:05:49,783 INFO o.a.j.JMeter: IP: 10.223.15.53 Name: lizhi FullName: lizhi
