python : Building prefix dict from the default dictionary ...
At line:15 char:2739
+ ... FilePath output\functional_tests.log; python run_demo.py 2>&1 | Tee-O ...
+                                           ~~~~~~~~~~~~~~~~~~~~~~~
    + CategoryInfo          : NotSpecified: (Building prefix... dictionary ...:String) [], RemoteException
    + FullyQualifiedErrorId : NativeCommandError
 
Loading model from cache C:\Users\30274\AppData\Local\Temp\jieba.cache
Loading model cost 0.511 seconds.
Prefix dict has been built successfully.
============================================================================
招股说明书多轮检索问答演示  |  工单编号: 人工智能 NLP-RAG-混合检索任务
============================================================================

【第 1 轮】现象：单轮提问（显式公司名）
Q: 报告期内，武汉兴图新科电子股份有限公司来自军用领域的收入分别是多少？
A: 报告期内，公司来自军用领域的收入分别为 6,464.51 万元、14,414.16 万元、18,780.67 万元和 4,627.14 万元，占主营业务收入比重分别为 82.10%、97.31%、94.84%和94.34%。
  [文档=招股说明书1.pdf | 类型=table | 耗时=2.502s]
  [证据] 招股说明书1.pdf p.129 (text)  【6、发行人经营模式对其可持续经营能力的影响】控制 系统，重点应用于国防军队，并延伸至监狱、油田等行业。 由于发行人产品...

【第 2 轮】现象：指代消解：他 → 武汉兴图新科电子股份有限公司
Q: 他参与的哪个工程荣获了国家科技进步一等奖？
  ↳ 改写: 武汉兴图新科电子股份有限公司参与的哪个工程荣获了国家科技进步一等奖？
     · 指代消解：「他」→「武汉兴图新科电子股份有限公司」
A: 一体化工程”（即相当于美军的 C4ISR 系统）荣获国家科技进步一等奖。 美军的 C4ISR 系统）荣获国家科技进步一等奖。
  [文档=招股说明书1.pdf | 类型=fact | 耗时=2.269s]
  [证据] 招股说明书1.pdf p.94 (text)  【1、公司的主营业务】武汉兴图新科电子股份有限公司 招股意向书 一体化工程”（即相当于美军的 C4ISR 系统）荣获国家...

【第 3 轮】现象：指代消解：这个公司 → 武汉兴图新科电子股份有限公司
Q: 这个公司的法定代表人是谁？
  ↳ 改写: 武汉兴图新科电子股份有限公司公司的法定代表人是谁？
     · 指代消解：「这个」→「武汉兴图新科电子股份有限公司」
A: 法定代表人为程家明注。
  [文档=招股说明书1.pdf | 类型=table | 耗时=2.313s]
  [证据] 招股说明书1.pdf p.52 (text)  【1、兴图新科有限的设立】武汉兴图新科电子股份有限公司 招股意向书 第五节 发行人基本情况 一、发行人的基本情况 公司名...

【第 4 轮】现象：省略补全：继承上一轮意图「法定代表人是谁」，主语切换为力源信息
Q: 那武汉力源信息技术股份有限公司呢？
  ↳ 改写: 武汉力源信息技术股份有限公司公司法定代表人是谁
     · 省略补全：继承上一轮意图「公司法定代表人是谁」
     · 主语补全为「武汉力源信息技术股份有限公司」
A: 法定代表人为赵马克。
  [文档=招股说明书2.pdf | 类型=table | 耗时=2.118s]
  [证据] 招股说明书2.pdf p.23 (text)  【13、经营范围：电子产品、电子元器件、信息技术及相关成套产品方案的开】武汉力源信息技术股份有限公司 招股意向书 第三节...

【第 5 轮】现象：图像语义（组织结构图）+ 显式公司名
Q: 武汉力源信息技术股份有限公司组织结构图中，哪个销售部的销售处最多？有哪些销售处？
A: 大客户销售部由6个销售处构成：成都销售处、广州销售处、武汉销售处、北京销售处、深圳销售处、珠海销售处。
  [文档=招股说明书2.pdf | 类型=figure | 耗时=2.439s]
  [证据] 招股说明书2.pdf p.39 (figure)  【组织结构图】组织结构图（《招股说明书2.pdf》第39页） 薪酬与考核委员会由4个机构构成：审计委员会、战略委员会、提...

============================================================================
对话记录已保存 → G:\Trae-work产出\6ac6e7fa945a4596a6818381\_build\研发\output\multiturn_demo.json
