python : Building prefix dict from the default dictionary ...
At line:15 char:2807
+ ... h output\run_demo.log; python tools/run_strategy_demo.py 2>&1 | Tee-O ...
+                            ~~~~~~~~~~~~~~~~~~~~~~~~~~~~~~~~~~~~~~
    + CategoryInfo          : NotSpecified: (Building prefix... dictionary ...:String) [], RemoteException
    + FullyQualifiedErrorId : NativeCommandError
 
Loading model from cache C:\Users\30274\AppData\Local\Temp\jieba.cache
Loading model cost 0.498 seconds.
Prefix dict has been built successfully.
==========================================================================================
检索策略对比演示  |  工单编号: 人工智能 NLP-RAG-混合检索任务
==========================================================================================

【语义型（表述不同、需向量召回）】报告期内，公司来自军用领域的收入分别是多少？
  · vector   耗时  2.41s | 命中 5 块 | 答案：报告期内，公司来自军用领域的收入分别为 6,464.51 万元、14,414.16 万元、18,780.
  · fulltext 耗时  0.01s | 命中 5 块 | 答案：报告期内，公司来自军用领域的收入分别为 6,464.51 万元、14,414.16 万元、18,780.
  · hybrid   耗时  0.01s | 命中 5 块 | 答案：报告期内，公司来自军用领域的收入分别为 6,464.51 万元、14,414.16 万元、18,780.

【词法型（精确关键词、需全文召回）】兴图新科参与制定的全军第一个视频指挥系统技术标准叫什么？
  · vector   耗时  2.20s | 命中 5 块 | 答案：公司目前已经成为军队视频指挥领域的重要供应商，参与制定了全军第一个视频指挥系统技术标准（即 2019年制
  · fulltext 耗时  0.01s | 命中 5 块 | 答案：公司目前已经成为军队视频指挥领域的重要供应商，参与制定了全军第一个视频指挥系统技术标准（即 2019年制
  · hybrid   耗时  0.01s | 命中 5 块 | 答案：公司目前已经成为军队视频指挥领域的重要供应商，参与制定了全军第一个视频指挥系统技术标准（即 2019年制

【布尔查询】军用 AND 收入
  · vector   耗时  2.33s | 命中 5 块 | 答案：% 458.64 2.32% 143.79 0.97% 121.83 1.55% 小计 277.57 5
  · fulltext 耗时  0.01s | 命中 5 块 | 答案：鉴于发行人来源于军用领域的而收入占比较高，发行人业绩的发展与军队的信息化建设进程趋于一致。（1）行业和客
  · hybrid   耗时  0.01s | 命中 5 块 | 答案：（1）行业和客户集中度高 ①行业集中度高的影响发行人产品主要应用于军队的信息化建设，报告期内，公司来自军

【短语匹配】"国家科技进步一等奖"
  · vector   耗时  2.12s | 命中 5 块 | 答案：②参与项目获得国家级奖项 A.国家科技进步一等奖 2014 年 12 月，某大型研究所牵头承担的“某情报
  · fulltext 耗时  0.00s | 命中 5 块 | 答案：②参与项目获得国家级奖项 A.国家科技进步一等奖 2014 年 12 月，某大型研究所牵头承担的“某情报
  · hybrid   耗时  0.01s | 命中 5 块 | 答案：②参与项目获得国家级奖项 A.国家科技进步一等奖 2014 年 12 月，某大型研究所牵头承担的“某情报

【模糊匹配】法定代表
  · vector   耗时  2.11s | 命中 5 块 | 答案：Wuhan Xingtu Xinke Electronics Co.,Ltd.: 有限公司成立日期股份公
  · fulltext 耗时  0.00s | 命中 5 块 | 答案：2014 年至今担任江苏华丰铝业有限公司法定代表人、董事长；2015 年至今担任广东万顺科技有限公司法定
  · hybrid   耗时  0.00s | 命中 5 块 | 答案：Wuhan Xingtu Xinke Electronics Co.,Ltd.: 有限公司成立日期股份公

【表格型】力源信息发行前赵马克持有多少股份？
  · vector   耗时  2.33s | 命中 5 块 | 答案：(四)外资股份 2009年11月23日，武汉市商务局出具武商务[2009]435号《市商务局关于武汉力源
  · fulltext 耗时  0.02s | 命中 5 块 | 答案：(四)外资股份 2009年11月23日，武汉市商务局出具武商务[2009]435号《市商务局关于武汉力源
  · hybrid   耗时  0.02s | 命中 5 块 | 答案：(四)外资股份 2009年11月23日，武汉市商务局出具武商务[2009]435号《市商务局关于武汉力源

【图形语义】力源信息组织结构图中哪个销售部的销售处最多？
  · vector   耗时  2.18s | 命中 5 块 | 答案：大客户销售部由6个销售处构成：成都销售处、广州销售处、武汉销售处、北京销售处、深圳销售处、珠海销售处。
  · fulltext 耗时  0.01s | 命中 5 块 | 答案：大客户销售部由6个销售处构成：成都销售处、广州销售处、武汉销售处、北京销售处、深圳销售处、珠海销售处。
  · hybrid   耗时  0.01s | 命中 5 块 | 答案：大客户销售部由6个销售处构成：成都销售处、广州销售处、武汉销售处、北京销售处、深圳销售处、珠海销售处。

对比数据已落盘 → G:\Trae-work产出\6ac6e7fa945a4596a6818381\_build\研发\output\strategy_demo.json
