====================================================================
【1/3】构建【优化后】文本向量库（正文 + 表格 + 图像语义块）
====================================================================
Consider using the pymupdf_layout package for a greatly improved page layout analysis.
python.exe : 2026-10-07 13:19:01,972 INFO 表格解析：招股说明书1.pdf → 473 张表
At line:1 char:845
+ ... FFERED="1"; & "H:\an\envs\langchain2\python.exe" build_kb.py --rebuil ...
+                 ~~~~~~~~~~~~~~~~~~~~~~~~~~~~~~~~~~~~~~~~~~~~~~~~~~~~~~~~~
    + CategoryInfo          : NotSpecified: (2026-10-07 13:1...书1.pdf → 473 张表:String) [], RemoteException
    + FullyQualifiedErrorId : NativeCommandError
 
2026-10-07 13:19:01,981 INFO [招股说明书1.pdf] 识别模板文字 1 条
2026-10-07 13:19:20,169 INFO 表格解析：招股说明书2.pdf → 216 张表
2026-10-07 13:19:20,176 INFO [招股说明书2.pdf] 识别模板文字 1 条
2026-10-07 13:21:27,512 INFO 生成块数: 3383（表格块 689 / 键值对块 786）
2026-10-07 13:22:17,864 INFO 表格解析：招股说明书1.pdf → 473 张表
2026-10-07 13:22:36,854 INFO 表格解析：招股说明书2.pdf → 216 张表
2026-10-07 13:22:37,324 INFO [招股说明书1.pdf] 识别水印位图 1 个
2026-10-07 13:22:46,573 INFO 图形抽取：招股说明书1.pdf → 52 个图形区域
2026-10-07 13:22:46,913 INFO [招股说明书2.pdf] 识别水印位图 1 个
2026-10-07 13:22:51,561 INFO 图形抽取：招股说明书2.pdf → 37 个图形区域
2026-10-07 13:22:52,056 INFO 加载多模态模型: G:/Trae-work产出/6ac4dd3ca72b335420a91488/_models/chinese-clip-vit-base-patch16

Loading weights:   0%|          | 0/399 [00:00<?, ?it/s]
Loading weights: 100%|██████████| 399/399 [00:00<00:00, 17112.26it/s]
2026-10-07 13:22:58,979 INFO OCR 引擎就绪: rapidocr-onnxruntime
2026-10-07 13:25:37,310 INFO 图像语义解析完成：89 个图形
2026-10-07 13:25:51,251 INFO CLIP 图像向量已落盘: 89 个 → F:\Trea-Work\AppData\Roaming\TRAE SOLO CN\VMCache\main-TRAE_SOLO-Yinl
i\drive\C\Users\30274\Desktop\工单代码\工单四\研发\vector_db\image
2026-10-07 13:25:51,251 INFO 生成图像语义块 89 个（含 CLIP 图像向量持久化）
2026-10-07 13:25:51,253 INFO 并入图像语义块 89 个
  文档块总数: 3472
    - text     : 1908
    - table    : 689
    - table_kv : 786
    - figure   : 89
2026-10-07 13:25:51,840 INFO embedded 3472 chunks ...
2026-10-07 13:26:00,300 INFO HTTP Request: POST http://localhost:11434/api/embed "HTTP/1.1 200 OK"
2026-10-07 13:26:02,843 INFO HTTP Request: POST http://localhost:11434/api/embed "HTTP/1.1 200 OK"
2026-10-07 13:26:03,989 INFO HTTP Request: POST http://localhost:11434/api/embed "HTTP/1.1 200 OK"
2026-10-07 13:26:05,121 INFO HTTP Request: POST http://localhost:11434/api/embed "HTTP/1.1 200 OK"
2026-10-07 13:26:06,234 INFO HTTP Request: POST http://localhost:11434/api/embed "HTTP/1.1 200 OK"
2026-10-07 13:26:07,448 INFO HTTP Request: POST http://localhost:11434/api/embed "HTTP/1.1 200 OK"
2026-10-07 13:26:08,844 INFO HTTP Request: POST http://localhost:11434/api/embed "HTTP/1.1 200 OK"
2026-10-07 13:26:10,085 INFO HTTP Request: POST http://localhost:11434/api/embed "HTTP/1.1 200 OK"
2026-10-07 13:26:11,265 INFO HTTP Request: POST http://localhost:11434/api/embed "HTTP/1.1 200 OK"
2026-10-07 13:26:12,739 INFO HTTP Request: POST http://localhost:11434/api/embed "HTTP/1.1 200 OK"
2026-10-07 13:26:14,243 INFO HTTP Request: POST http://localhost:11434/api/embed "HTTP/1.1 200 OK"
2026-10-07 13:26:15,865 INFO HTTP Request: POST http://localhost:11434/api/embed "HTTP/1.1 200 OK"
2026-10-07 13:26:17,365 INFO HTTP Request: POST http://localhost:11434/api/embed "HTTP/1.1 200 OK"
2026-10-07 13:26:18,773 INFO HTTP Request: POST http://localhost:11434/api/embed "HTTP/1.1 200 OK"
2026-10-07 13:26:20,343 INFO HTTP Request: POST http://localhost:11434/api/embed "HTTP/1.1 200 OK"
2026-10-07 13:26:21,852 INFO HTTP Request: POST http://localhost:11434/api/embed "HTTP/1.1 200 OK"
2026-10-07 13:26:23,617 INFO HTTP Request: POST http://localhost:11434/api/embed "HTTP/1.1 200 OK"
2026-10-07 13:26:25,417 INFO HTTP Request: POST http://localhost:11434/api/embed "HTTP/1.1 200 OK"
2026-10-07 13:26:26,678 INFO HTTP Request: POST http://localhost:11434/api/embed "HTTP/1.1 200 OK"
2026-10-07 13:26:27,845 INFO HTTP Request: POST http://localhost:11434/api/embed "HTTP/1.1 200 OK"
2026-10-07 13:26:29,168 INFO HTTP Request: POST http://localhost:11434/api/embed "HTTP/1.1 200 OK"
2026-10-07 13:26:30,988 INFO HTTP Request: POST http://localhost:11434/api/embed "HTTP/1.1 200 OK"
2026-10-07 13:26:32,419 INFO HTTP Request: POST http://localhost:11434/api/embed "HTTP/1.1 200 OK"
2026-10-07 13:26:33,683 INFO HTTP Request: POST http://localhost:11434/api/embed "HTTP/1.1 200 OK"
2026-10-07 13:26:35,089 INFO HTTP Request: POST http://localhost:11434/api/embed "HTTP/1.1 200 OK"
2026-10-07 13:26:36,479 INFO HTTP Request: POST http://localhost:11434/api/embed "HTTP/1.1 200 OK"
2026-10-07 13:26:37,997 INFO HTTP Request: POST http://localhost:11434/api/embed "HTTP/1.1 200 OK"
2026-10-07 13:26:39,570 INFO HTTP Request: POST http://localhost:11434/api/embed "HTTP/1.1 200 OK"
2026-10-07 13:26:41,813 INFO HTTP Request: POST http://localhost:11434/api/embed "HTTP/1.1 200 OK"
2026-10-07 13:26:43,560 INFO HTTP Request: POST http://localhost:11434/api/embed "HTTP/1.1 200 OK"
2026-10-07 13:26:45,060 INFO HTTP Request: POST http://localhost:11434/api/embed "HTTP/1.1 200 OK"
2026-10-07 13:26:46,480 INFO HTTP Request: POST http://localhost:11434/api/embed "HTTP/1.1 200 OK"
2026-10-07 13:26:47,662 INFO HTTP Request: POST http://localhost:11434/api/embed "HTTP/1.1 200 OK"
2026-10-07 13:26:48,895 INFO HTTP Request: POST http://localhost:11434/api/embed "HTTP/1.1 200 OK"
2026-10-07 13:26:50,140 INFO HTTP Request: POST http://localhost:11434/api/embed "HTTP/1.1 200 OK"
2026-10-07 13:26:51,732 INFO HTTP Request: POST http://localhost:11434/api/embed "HTTP/1.1 200 OK"
2026-10-07 13:26:53,124 INFO HTTP Request: POST http://localhost:11434/api/embed "HTTP/1.1 200 OK"
2026-10-07 13:26:54,492 INFO HTTP Request: POST http://localhost:11434/api/embed "HTTP/1.1 200 OK"
2026-10-07 13:26:55,776 INFO HTTP Request: POST http://localhost:11434/api/embed "HTTP/1.1 200 OK"
2026-10-07 13:26:57,199 INFO HTTP Request: POST http://localhost:11434/api/embed "HTTP/1.1 200 OK"
2026-10-07 13:26:58,498 INFO HTTP Request: POST http://localhost:11434/api/embed "HTTP/1.1 200 OK"
2026-10-07 13:26:59,892 INFO HTTP Request: POST http://localhost:11434/api/embed "HTTP/1.1 200 OK"
2026-10-07 13:27:01,250 INFO HTTP Request: POST http://localhost:11434/api/embed "HTTP/1.1 200 OK"
2026-10-07 13:27:02,416 INFO HTTP Request: POST http://localhost:11434/api/embed "HTTP/1.1 200 OK"
2026-10-07 13:27:03,635 INFO HTTP Request: POST http://localhost:11434/api/embed "HTTP/1.1 200 OK"
2026-10-07 13:27:04,803 INFO HTTP Request: POST http://localhost:11434/api/embed "HTTP/1.1 200 OK"
2026-10-07 13:27:06,168 INFO HTTP Request: POST http://localhost:11434/api/embed "HTTP/1.1 200 OK"
2026-10-07 13:27:07,476 INFO HTTP Request: POST http://localhost:11434/api/embed "HTTP/1.1 200 OK"
2026-10-07 13:27:08,773 INFO HTTP Request: POST http://localhost:11434/api/embed "HTTP/1.1 200 OK"
2026-10-07 13:27:10,236 INFO HTTP Request: POST http://localhost:11434/api/embed "HTTP/1.1 200 OK"
2026-10-07 13:27:11,780 INFO HTTP Request: POST http://localhost:11434/api/embed "HTTP/1.1 200 OK"
2026-10-07 13:27:13,286 INFO HTTP Request: POST http://localhost:11434/api/embed "HTTP/1.1 200 OK"
2026-10-07 13:27:14,871 INFO HTTP Request: POST http://localhost:11434/api/embed "HTTP/1.1 200 OK"
2026-10-07 13:27:16,156 INFO HTTP Request: POST http://localhost:11434/api/embed "HTTP/1.1 200 OK"
2026-10-07 13:27:17,586 INFO HTTP Request: POST http://localhost:11434/api/embed "HTTP/1.1 200 OK"
2026-10-07 13:27:19,169 INFO HTTP Request: POST http://localhost:11434/api/embed "HTTP/1.1 200 OK"
2026-10-07 13:27:20,931 INFO HTTP Request: POST http://localhost:11434/api/embed "HTTP/1.1 200 OK"
2026-10-07 13:27:24,165 INFO HTTP Request: POST http://localhost:11434/api/embed "HTTP/1.1 200 OK"
2026-10-07 13:27:26,385 INFO HTTP Request: POST http://localhost:11434/api/embed "HTTP/1.1 200 OK"
2026-10-07 13:27:28,140 INFO HTTP Request: POST http://localhost:11434/api/embed "HTTP/1.1 200 OK"
2026-10-07 13:27:29,659 INFO HTTP Request: POST http://localhost:11434/api/embed "HTTP/1.1 200 OK"
2026-10-07 13:27:31,113 INFO HTTP Request: POST http://localhost:11434/api/embed "HTTP/1.1 200 OK"
2026-10-07 13:27:32,443 INFO HTTP Request: POST http://localhost:11434/api/embed "HTTP/1.1 200 OK"
2026-10-07 13:27:34,082 INFO HTTP Request: POST http://localhost:11434/api/embed "HTTP/1.1 200 OK"
2026-10-07 13:27:35,515 INFO HTTP Request: POST http://localhost:11434/api/embed "HTTP/1.1 200 OK"
2026-10-07 13:27:36,793 INFO HTTP Request: POST http://localhost:11434/api/embed "HTTP/1.1 200 OK"
2026-10-07 13:27:38,217 INFO HTTP Request: POST http://localhost:11434/api/embed "HTTP/1.1 200 OK"
2026-10-07 13:27:39,429 INFO HTTP Request: POST http://localhost:11434/api/embed "HTTP/1.1 200 OK"
2026-10-07 13:27:40,568 INFO HTTP Request: POST http://localhost:11434/api/embed "HTTP/1.1 200 OK"
2026-10-07 13:27:41,072 INFO HTTP Request: POST http://localhost:11434/api/embed "HTTP/1.1 200 OK"
2026-10-07 13:27:41,194 INFO Loading faiss with AVX2 support.
2026-10-07 13:27:41,200 INFO Could not load library with AVX2 support due to:
ModuleNotFoundError("No module named 'faiss.swigfaiss_avx2'")
2026-10-07 13:27:41,200 INFO Loading faiss.
2026-10-07 13:27:41,345 INFO Successfully loaded faiss.
  优化后向量库: {'name': 'faiss', 'chunks': 3472, 'table_chunks': 689, 'table_kv_chunks': 786, 'sources': ['招股说明书1.pdf', '招股说明书2.pdf']}
====================================================================
【2/3】构建【优化前】基线向量库（表格拍平，无图像解析）
====================================================================
  基线文档块总数: 3342
2026-10-07 13:27:48,451 INFO embedded 3342 chunks ...
2026-10-07 13:27:51,803 INFO HTTP Request: POST http://localhost:11434/api/embed "HTTP/1.1 200 OK"
2026-10-07 13:27:52,930 INFO HTTP Request: POST http://localhost:11434/api/embed "HTTP/1.1 200 OK"
2026-10-07 13:27:54,124 INFO HTTP Request: POST http://localhost:11434/api/embed "HTTP/1.1 200 OK"
2026-10-07 13:27:55,296 INFO HTTP Request: POST http://localhost:11434/api/embed "HTTP/1.1 200 OK"
2026-10-07 13:27:56,387 INFO HTTP Request: POST http://localhost:11434/api/embed "HTTP/1.1 200 OK"
2026-10-07 13:27:57,564 INFO HTTP Request: POST http://localhost:11434/api/embed "HTTP/1.1 200 OK"
2026-10-07 13:27:58,659 INFO HTTP Request: POST http://localhost:11434/api/embed "HTTP/1.1 200 OK"
2026-10-07 13:27:59,845 INFO HTTP Request: POST http://localhost:11434/api/embed "HTTP/1.1 200 OK"
2026-10-07 13:28:00,985 INFO HTTP Request: POST http://localhost:11434/api/embed "HTTP/1.1 200 OK"
2026-10-07 13:28:02,115 INFO HTTP Request: POST http://localhost:11434/api/embed "HTTP/1.1 200 OK"
2026-10-07 13:28:03,353 INFO HTTP Request: POST http://localhost:11434/api/embed "HTTP/1.1 200 OK"
2026-10-07 13:28:04,470 INFO HTTP Request: POST http://localhost:11434/api/embed "HTTP/1.1 200 OK"
2026-10-07 13:28:05,618 INFO HTTP Request: POST http://localhost:11434/api/embed "HTTP/1.1 200 OK"
2026-10-07 13:28:06,657 INFO HTTP Request: POST http://localhost:11434/api/embed "HTTP/1.1 200 OK"
2026-10-07 13:28:07,753 INFO HTTP Request: POST http://localhost:11434/api/embed "HTTP/1.1 200 OK"
2026-10-07 13:28:08,801 INFO HTTP Request: POST http://localhost:11434/api/embed "HTTP/1.1 200 OK"
2026-10-07 13:28:09,925 INFO HTTP Request: POST http://localhost:11434/api/embed "HTTP/1.1 200 OK"
2026-10-07 13:28:11,131 INFO HTTP Request: POST http://localhost:11434/api/embed "HTTP/1.1 200 OK"
2026-10-07 13:28:12,226 INFO HTTP Request: POST http://localhost:11434/api/embed "HTTP/1.1 200 OK"
2026-10-07 13:28:13,363 INFO HTTP Request: POST http://localhost:11434/api/embed "HTTP/1.1 200 OK"
2026-10-07 13:28:14,426 INFO HTTP Request: POST http://localhost:11434/api/embed "HTTP/1.1 200 OK"
2026-10-07 13:28:15,703 INFO HTTP Request: POST http://localhost:11434/api/embed "HTTP/1.1 200 OK"
2026-10-07 13:28:16,880 INFO HTTP Request: POST http://localhost:11434/api/embed "HTTP/1.1 200 OK"
2026-10-07 13:28:18,025 INFO HTTP Request: POST http://localhost:11434/api/embed "HTTP/1.1 200 OK"
2026-10-07 13:28:19,146 INFO HTTP Request: POST http://localhost:11434/api/embed "HTTP/1.1 200 OK"
2026-10-07 13:28:20,260 INFO HTTP Request: POST http://localhost:11434/api/embed "HTTP/1.1 200 OK"
2026-10-07 13:28:21,254 INFO HTTP Request: POST http://localhost:11434/api/embed "HTTP/1.1 200 OK"
2026-10-07 13:28:22,358 INFO HTTP Request: POST http://localhost:11434/api/embed "HTTP/1.1 200 OK"
2026-10-07 13:28:23,434 INFO HTTP Request: POST http://localhost:11434/api/embed "HTTP/1.1 200 OK"
2026-10-07 13:28:24,505 INFO HTTP Request: POST http://localhost:11434/api/embed "HTTP/1.1 200 OK"
2026-10-07 13:28:25,658 INFO HTTP Request: POST http://localhost:11434/api/embed "HTTP/1.1 200 OK"
2026-10-07 13:28:26,730 INFO HTTP Request: POST http://localhost:11434/api/embed "HTTP/1.1 200 OK"
2026-10-07 13:28:27,851 INFO HTTP Request: POST http://localhost:11434/api/embed "HTTP/1.1 200 OK"
2026-10-07 13:28:28,921 INFO HTTP Request: POST http://localhost:11434/api/embed "HTTP/1.1 200 OK"
2026-10-07 13:28:30,013 INFO HTTP Request: POST http://localhost:11434/api/embed "HTTP/1.1 200 OK"
2026-10-07 13:28:31,118 INFO HTTP Request: POST http://localhost:11434/api/embed "HTTP/1.1 200 OK"
2026-10-07 13:28:32,236 INFO HTTP Request: POST http://localhost:11434/api/embed "HTTP/1.1 200 OK"
2026-10-07 13:28:33,385 INFO HTTP Request: POST http://localhost:11434/api/embed "HTTP/1.1 200 OK"
2026-10-07 13:28:34,517 INFO HTTP Request: POST http://localhost:11434/api/embed "HTTP/1.1 200 OK"
2026-10-07 13:28:35,829 INFO HTTP Request: POST http://localhost:11434/api/embed "HTTP/1.1 200 OK"
2026-10-07 13:28:37,092 INFO HTTP Request: POST http://localhost:11434/api/embed "HTTP/1.1 200 OK"
2026-10-07 13:28:38,212 INFO HTTP Request: POST http://localhost:11434/api/embed "HTTP/1.1 200 OK"
2026-10-07 13:28:39,377 INFO HTTP Request: POST http://localhost:11434/api/embed "HTTP/1.1 200 OK"
2026-10-07 13:28:40,587 INFO HTTP Request: POST http://localhost:11434/api/embed "HTTP/1.1 200 OK"
2026-10-07 13:28:41,674 INFO HTTP Request: POST http://localhost:11434/api/embed "HTTP/1.1 200 OK"
2026-10-07 13:28:42,811 INFO HTTP Request: POST http://localhost:11434/api/embed "HTTP/1.1 200 OK"
2026-10-07 13:28:44,066 INFO HTTP Request: POST http://localhost:11434/api/embed "HTTP/1.1 200 OK"
2026-10-07 13:28:45,289 INFO HTTP Request: POST http://localhost:11434/api/embed "HTTP/1.1 200 OK"
2026-10-07 13:28:46,433 INFO HTTP Request: POST http://localhost:11434/api/embed "HTTP/1.1 200 OK"
2026-10-07 13:28:47,670 INFO HTTP Request: POST http://localhost:11434/api/embed "HTTP/1.1 200 OK"
2026-10-07 13:28:48,751 INFO HTTP Request: POST http://localhost:11434/api/embed "HTTP/1.1 200 OK"
2026-10-07 13:28:49,979 INFO HTTP Request: POST http://localhost:11434/api/embed "HTTP/1.1 200 OK"
2026-10-07 13:28:51,130 INFO HTTP Request: POST http://localhost:11434/api/embed "HTTP/1.1 200 OK"
2026-10-07 13:28:52,306 INFO HTTP Request: POST http://localhost:11434/api/embed "HTTP/1.1 200 OK"
2026-10-07 13:28:53,437 INFO HTTP Request: POST http://localhost:11434/api/embed "HTTP/1.1 200 OK"
2026-10-07 13:28:54,330 INFO HTTP Request: POST http://localhost:11434/api/embed "HTTP/1.1 200 OK"
2026-10-07 13:28:55,287 INFO HTTP Request: POST http://localhost:11434/api/embed "HTTP/1.1 200 OK"
2026-10-07 13:28:56,222 INFO HTTP Request: POST http://localhost:11434/api/embed "HTTP/1.1 200 OK"
2026-10-07 13:28:57,465 INFO HTTP Request: POST http://localhost:11434/api/embed "HTTP/1.1 200 OK"
2026-10-07 13:28:58,609 INFO HTTP Request: POST http://localhost:11434/api/embed "HTTP/1.1 200 OK"
2026-10-07 13:28:59,760 INFO HTTP Request: POST http://localhost:11434/api/embed "HTTP/1.1 200 OK"
2026-10-07 13:29:00,866 INFO HTTP Request: POST http://localhost:11434/api/embed "HTTP/1.1 200 OK"
2026-10-07 13:29:02,021 INFO HTTP Request: POST http://localhost:11434/api/embed "HTTP/1.1 200 OK"
2026-10-07 13:29:03,124 INFO HTTP Request: POST http://localhost:11434/api/embed "HTTP/1.1 200 OK"
2026-10-07 13:29:04,295 INFO HTTP Request: POST http://localhost:11434/api/embed "HTTP/1.1 200 OK"
2026-10-07 13:29:05,465 INFO HTTP Request: POST http://localhost:11434/api/embed "HTTP/1.1 200 OK"
2026-10-07 13:29:06,425 INFO HTTP Request: POST http://localhost:11434/api/embed "HTTP/1.1 200 OK"
  基线向量库: {'name': 'faiss', 'chunks': 3342, 'table_chunks': 0, 'table_kv_chunks': 0, 'sources': ['招股说明书1.pdf', '招股说明书2.pdf']}
====================================================================
【3/3】CLIP 图像向量库状态
====================================================================
  图像索引: {'images': 89, 'dim': 512, 'ready': True}
--------------------------------------------------------------------
知识库构建完成，用时 3190.5s
  优化后: F:\Trea-Work\AppData\Roaming\TRAE SOLO CN\VMCache\main-TRAE_SOLO-Yinli\drive\C\Users\30274\Desktop\工单代码\工单四\研发\vector_db\optimized
  基线  : F:\Trea-Work\AppData\Roaming\TRAE SOLO CN\VMCache\main-TRAE_SOLO-Yinli\drive\C\Users\30274\Desktop\工单代码\工单四\研发\vector_db\baseline
  图像  : F:\Trea-Work\AppData\Roaming\TRAE SOLO CN\VMCache\main-TRAE_SOLO-Yinli\drive\C\Users\30274\Desktop\工单代码\工单四\研发\vector_db\image
