[评估] 语料块 7476 | 评估集 330 条
[评估] 加载基座模型...
 
Loading weights:   0%|          | 0/71 [00:00<?, ?it/s]
Loading weights: 100%|██████████| 71/71 [00:00<00:00, 16061.46it/s]
[评估] 加载微调模型...

Loading weights:   0%|          | 0/71 [00:00<?, ?it/s]
Loading weights: 100%|██████████| 71/71 [00:00<00:00, 1858.08it/s]

===== 评估结果 =====
| 指标 | 微调前（基座） | 微调后（领域） | 变化 | 提升 |
|---|---|---|---|---|
| Recall@1 | 0.3303 | 0.4788 | ↑ +0.1485 | +45.0% |
| Recall@3 | 0.4758 | 0.6515 | ↑ +0.1758 | +36.9% |
| Recall@5 | 0.5424 | 0.7576 | ↑ +0.2152 | +39.7% |
| Recall@10 | 0.6091 | 0.8576 | ↑ +0.2485 | +40.8% |
| MRR@10 | 0.4207 | 0.5904 | ↑ +0.1697 | +40.3% |
| NDCG@10 | 0.4434 | 0.6187 | ↑ +0.1753 | +39.5% |
| 实体准确率@1 | 0.8121 | 0.7848 | ↓ -0.0273 | -3.4% |
| 块级召回@10 | 0.0905 | 0.2065 | ↑ +0.1160 | +128.2% |

图表: ['01_微调前后指标对比.png', '02_RecallK曲线.png', '03_训练损失曲线.png', '04_分组指标对比_查询类型.png', '05_分组指标对比_行业.png', '06_数据集构成.png']
报告: G:\Trae-work产出\6ac74ad9945a4596a6819335\_build11\研发\output\评估报告.md
