==================================================================
人工智能 NLP-RAG-Embedding 模型微调任务 · 数据与流程自检
==================================================================

A. 知识库完整性
  [PASS] 知识库切片数 > 0 — 7476 块
  [PASS] chunk_id 唯一 — 唯一 7476/7476
  [PASS] 块字段齐全
  [PASS] 块类型合法

B. 数据集完整性
  [PASS] 正例对存在 — 810 条
  [PASS] 三元组存在 — 1215 条
  [PASS] 相似度对存在 — 945 条
  [PASS] 正例对字段齐全
  [PASS] 三元组字段齐全
  [PASS] 相似度对分数合法
  [PASS] 正例可回链语料 — 810/810
  [PASS] 三元组正/负例可回链语料
  [PASS] 三元组负例为异公司

C. 防泄漏（训练/评估问法模板不相交）
  [PASS] 训练与评估模板无交集 — 交集 空

D. 评估集合法性
  [PASS] 评估集非空 — 330 条
  [PASS] 评估条目字段齐全
  [PASS] 相关块均可回链语料
  [PASS] 评估集与训练集问题不重复 — 重叠 0 条
  [PASS] 评估集含 exact 与 colloquial — ['colloquial', 'exact']

E. 模型与向量缓存
  [PASS] 微调模型目录存在 — G:\Trae-work产出\6ac74ad9945a4596a6819335\_build11\研发\models\bge-small-zh-ccf-finetuned
  [PASS] 基座语料向量形状正确 — (7476, 512)
  [PASS] 微调语料向量形状正确 — (7476, 512)

F. 端到端检索（微调模型 Top-1 实体命中）
 
Loading weights:   0%|          | 0/71 [00:00<?, ?it/s]
Loading weights: 100%|██████████| 71/71 [00:00<00:00, 1608.59it/s]
  [PASS] 样例查询 Top-1 实体命中率 ≥ 50% — 11/12 = 0.917

G. 验收判定
  [PASS] Recall@1 提升 ≥ 0.05（验收标准） — +0.1455
  [PASS] MRR@10 提升 > 0 — +0.1697
  [PASS] NDCG@10 提升 > 0 — +0.1768
  [PASS] Recall@5 提升 > 0 — +0.2182

==================================================================
自检结果：PASS 27 / 27  ✅ 全部通过
==================================================================
结果已保存 -> G:\Trae-work产出\6ac74ad9945a4596a6819335\_build11\研发\output\selfcheck.json
