==================================================================
人工智能 NLP-RAG-Embedding 模型微调任务 · 性能基准测试
==================================================================
语料块 7476 | 查询样本 30 条

--- base ---
 
Loading weights:   0%|          | 0/71 [00:00<?, ?it/s]
Loading weights: 100%|██████████| 71/71 [00:00<00:00, 28173.66it/s]
  模型加载: 8.43 s
  语料编码: 512 块 / 11.99 s = 42.7 blocks/s (全量 7476 块约 175 s)
  查询编码延迟: mean 9.9 ms | p50 10.0 ms | p95 11.0 ms
  端到端检索延迟: mean 11.4 ms | p95 13.7 ms

--- finetuned ---

Loading weights:   0%|          | 0/71 [00:00<?, ?it/s]
Loading weights: 100%|██████████| 71/71 [00:00<00:00, 6250.96it/s]
  模型加载: 0.15 s
  语料编码: 512 块 / 12.11 s = 42.3 blocks/s (全量 7476 块约 177 s)
  查询编码延迟: mean 9.9 ms | p50 9.6 ms | p95 11.8 ms
  端到端检索延迟: mean 10.1 ms | p95 11.7 ms

--- 训练吞吐 ---
  810 样本 × 4 epoch / 475.67 s = 6.81 samples/s

结果已保存 -> G:\Trae-work产出\6ac74ad9945a4596a6819335\_build11\研发\output\latency_bench.json
