======================================================================
人工智能 NLP-RAG-Embedding 模型微调任务 · 一键全流程
======================================================================
[1/4] 知识库：7476 块
[数据集生成] 知识块 7476 | 指标单元 135
  正例对 pairs      : 810
  三元组 triplets   : 1215
  相似度对 sim_pairs: 945
  评估集 eval       : 330 (exact 270 / colloquial 60)
[2/4] 数据集：pairs=810 triplets=1215 sim=945 eval=330
[1/6] 语料块 7476 | 评估集 330 条
python : 
At line:15 char:1697
+ ... PYTHONUNBUFFERED="1"; python run_pipeline.py --loss mnrl 2>&1 | Tee-O ...
+                           ~~~~~~~~~~~~~~~~~~~~~~~~~~~~~~~~~~~~~~~
    + CategoryInfo          : NotSpecified: (:String) [], RemoteException
    + FullyQualifiedErrorId : NativeCommandError
 
Loading weights:   0%|          | 0/71 [00:00<?, ?it/s]
Loading weights: 100%|██████████| 71/71 [00:00<00:00, 1954.21it/s]
G:\Trae-work产出\6ac74ad9945a4596a6819335\_build11\研发\src\embedding_model.py:58: FutureWarning: The `get_sentence_embeddi
ng_dimension` method has been renamed to `get_embedding_dimension`.
  dim = model.get_sentence_embedding_dimension()
[2/6] 基座模型 BAAI/bge-small-zh-v1.5 | dim=512 | params=23,953,920
[3/6] 微调前评估（基座模型）...
    微调前: Recall@1=0.3303 Recall@5=0.5424 MRR@10=0.4207 NDCG@10=0.4434 EntityAcc@1=0.8121
[4/6] 损失函数 mnrl | 训练样本 810

Computing widget examples:   0%|          | 0/1 [00:00<?, ?example/s]
[5/6] 开始训练：epochs=4 bs=16 lr=2e-05
                                                                     

  0%|          | 0/204 [00:00<?, ?it/s]
  0%|          | 1/204 [00:02<07:44,  2.29s/it]
  1%|          | 2/204 [00:05<09:17,  2.76s/it]
  1%|▏         | 3/204 [00:07<08:57,  2.67s/it]
  2%|▏         | 4/204 [00:09<08:04,  2.42s/it]
  2%|▏         | 5/204 [00:12<08:05,  2.44s/it]
  3%|▎         | 6/204 [00:14<08:05,  2.45s/it]
  3%|▎         | 7/204 [00:17<08:36,  2.62s/it]
  4%|▍         | 8/204 [00:20<08:10,  2.50s/it]
  4%|▍         | 9/204 [00:22<07:44,  2.38s/it]
  5%|▍         | 10/204 [00:24<07:23,  2.29s/it]
{'loss': '1.932', 'grad_norm': '15.16', 'learning_rate': '8.571e-06', 'epoch': '0.1961'}
                                                

  5%|▍         | 10/204 [00:24<07:23,  2.29s/it]
  5%|▌         | 11/204 [00:26<07:07,  2.22s/it]
  6%|▌         | 12/204 [00:28<06:50,  2.14s/it]
  6%|▋         | 13/204 [00:30<06:59,  2.20s/it]
  7%|▋         | 14/204 [00:33<07:40,  2.42s/it]
  7%|▋         | 15/204 [00:36<07:38,  2.43s/it]
  8%|▊         | 16/204 [00:38<07:25,  2.37s/it]
  8%|▊         | 17/204 [00:40<07:05,  2.28s/it]
  9%|▉         | 18/204 [00:42<06:59,  2.26s/it]
  9%|▉         | 19/204 [00:44<07:05,  2.30s/it]
 10%|▉         | 20/204 [00:47<06:53,  2.25s/it]
{'loss': '1.322', 'grad_norm': '11.45', 'learning_rate': '1.81e-05', 'epoch': '0.3922'}
                                                

 10%|▉         | 20/204 [00:47<06:53,  2.25s/it]
 10%|█         | 21/204 [00:49<06:43,  2.20s/it]
 11%|█         | 22/204 [00:51<06:37,  2.19s/it]
 11%|█▏        | 23/204 [00:53<06:38,  2.20s/it]
 12%|█▏        | 24/204 [00:55<06:33,  2.19s/it]
 12%|█▏        | 25/204 [00:57<06:22,  2.13s/it]
 13%|█▎        | 26/204 [00:59<06:20,  2.14s/it]
 13%|█▎        | 27/204 [01:02<06:33,  2.22s/it]
 14%|█▎        | 28/204 [01:04<06:44,  2.30s/it]
 14%|█▍        | 29/204 [01:07<06:40,  2.29s/it]
 15%|█▍        | 30/204 [01:09<06:42,  2.31s/it]
{'loss': '1.265', 'grad_norm': '12.59', 'learning_rate': '1.991e-05', 'epoch': '0.5882'}
                                                

 15%|█▍        | 30/204 [01:09<06:42,  2.31s/it]
 15%|█▌        | 31/204 [01:11<06:46,  2.35s/it]
 16%|█▌        | 32/204 [01:14<07:04,  2.47s/it]
 16%|█▌        | 33/204 [01:17<07:15,  2.55s/it]
 17%|█▋        | 34/204 [01:19<06:49,  2.41s/it]
 17%|█▋        | 35/204 [01:21<06:23,  2.27s/it]
 18%|█▊        | 36/204 [01:23<06:22,  2.28s/it]
 18%|█▊        | 37/204 [01:25<06:16,  2.26s/it]
 19%|█▊        | 38/204 [01:28<06:12,  2.25s/it]
 19%|█▉        | 39/204 [01:30<06:09,  2.24s/it]
 20%|█▉        | 40/204 [01:32<06:10,  2.26s/it]
{'loss': '0.9505', 'grad_norm': '10.18', 'learning_rate': '1.953e-05', 'epoch': '0.7843'}
                                                

 20%|█▉        | 40/204 [01:32<06:10,  2.26s/it]
 20%|██        | 41/204 [01:34<06:11,  2.28s/it]
 21%|██        | 42/204 [01:37<06:08,  2.28s/it]
 21%|██        | 43/204 [01:39<05:57,  2.22s/it]
 22%|██▏       | 44/204 [01:41<05:49,  2.18s/it]
 22%|██▏       | 45/204 [01:43<05:56,  2.24s/it]
 23%|██▎       | 46/204 [01:46<06:15,  2.38s/it]
 23%|██▎       | 47/204 [01:49<06:23,  2.44s/it]
 24%|██▎       | 48/204 [01:51<06:14,  2.40s/it]
 24%|██▍       | 49/204 [01:53<06:22,  2.47s/it]
 25%|██▍       | 50/204 [01:56<06:12,  2.42s/it]
{'loss': '0.8457', 'grad_norm': '11.07', 'learning_rate': '1.887e-05', 'epoch': '0.9804'}
                                                

 25%|██▍       | 50/204 [01:56<06:12,  2.42s/it]
 25%|██▌       | 51/204 [01:57<05:25,  2.12s/it]
 25%|██▌       | 52/204 [02:00<05:30,  2.17s/it]
 26%|██▌       | 53/204 [02:02<05:32,  2.20s/it]
 26%|██▋       | 54/204 [02:04<05:40,  2.27s/it]
 27%|██▋       | 55/204 [02:07<06:17,  2.53s/it]
 27%|██▋       | 56/204 [02:10<06:28,  2.62s/it]
 28%|██▊       | 57/204 [02:13<06:22,  2.60s/it]
 28%|██▊       | 58/204 [02:15<06:10,  2.54s/it]
 29%|██▉       | 59/204 [02:18<06:15,  2.59s/it]
 29%|██▉       | 60/204 [02:20<06:12,  2.59s/it]
{'loss': '0.7486', 'grad_norm': '8.978', 'learning_rate': '1.795e-05', 'epoch': '1.176'}
                                                

 29%|██▉       | 60/204 [02:20<06:12,  2.59s/it]
 30%|██▉       | 61/204 [02:23<06:02,  2.54s/it]
 30%|███       | 62/204 [02:25<05:48,  2.46s/it]
 31%|███       | 63/204 [02:28<05:46,  2.46s/it]
 31%|███▏      | 64/204 [02:30<05:51,  2.51s/it]
 32%|███▏      | 65/204 [02:33<05:43,  2.47s/it]
 32%|███▏      | 66/204 [02:35<05:39,  2.46s/it]
 33%|███▎      | 67/204 [02:38<05:37,  2.46s/it]
 33%|███▎      | 68/204 [02:40<05:28,  2.41s/it]
 34%|███▍      | 69/204 [02:42<05:09,  2.30s/it]
 34%|███▍      | 70/204 [02:44<05:07,  2.29s/it]
{'loss': '0.6656', 'grad_norm': '11.73', 'learning_rate': '1.679e-05', 'epoch': '1.373'}
                                                

 34%|███▍      | 70/204 [02:44<05:07,  2.29s/it]
 35%|███▍      | 71/204 [02:47<05:16,  2.38s/it]
 35%|███▌      | 72/204 [02:49<05:06,  2.32s/it]
 36%|███▌      | 73/204 [02:51<05:06,  2.34s/it]
 36%|███▋      | 74/204 [02:54<05:01,  2.32s/it]
 37%|███▋      | 75/204 [02:56<05:01,  2.33s/it]
 37%|███▋      | 76/204 [02:58<04:56,  2.31s/it]
 38%|███▊      | 77/204 [03:01<05:19,  2.52s/it]
 38%|███▊      | 78/204 [03:04<05:37,  2.68s/it]
 39%|███▊      | 79/204 [03:07<05:24,  2.60s/it]
 39%|███▉      | 80/204 [03:09<05:28,  2.65s/it]
{'loss': '0.556', 'grad_norm': '7.997', 'learning_rate': '1.544e-05', 'epoch': '1.569'}
                                                

 39%|███▉      | 80/204 [03:09<05:28,  2.65s/it]
 40%|███▉      | 81/204 [03:12<05:20,  2.61s/it]
 40%|████      | 82/204 [03:14<05:09,  2.53s/it]
 41%|████      | 83/204 [03:17<04:59,  2.48s/it]
 41%|████      | 84/204 [03:19<04:50,  2.42s/it]
 42%|████▏     | 85/204 [03:21<04:44,  2.39s/it]
 42%|████▏     | 86/204 [03:24<04:51,  2.47s/it]
 43%|████▎     | 87/204 [03:28<05:29,  2.82s/it]
 43%|████▎     | 88/204 [03:30<05:23,  2.79s/it]
 44%|████▎     | 89/204 [03:33<05:12,  2.72s/it]
 44%|████▍     | 90/204 [03:35<05:05,  2.68s/it]
{'loss': '0.5212', 'grad_norm': '8.236', 'learning_rate': '1.393e-05', 'epoch': '1.765'}
                                                

 44%|████▍     | 90/204 [03:35<05:05,  2.68s/it]
 45%|████▍     | 91/204 [03:38<04:56,  2.62s/it]
 45%|████▌     | 92/204 [03:40<04:42,  2.52s/it]
 46%|████▌     | 93/204 [03:43<04:46,  2.58s/it]
 46%|████▌     | 94/204 [03:45<04:30,  2.46s/it]
 47%|████▋     | 95/204 [03:47<04:20,  2.39s/it]
 47%|████▋     | 96/204 [03:50<04:13,  2.34s/it]
 48%|████▊     | 97/204 [03:52<04:09,  2.33s/it]
 48%|████▊     | 98/204 [03:55<04:30,  2.56s/it]
 49%|████▊     | 99/204 [03:58<04:32,  2.59s/it]
 49%|████▉     | 100/204 [04:00<04:26,  2.56s/it]
{'loss': '0.4692', 'grad_norm': '10.14', 'learning_rate': '1.23e-05', 'epoch': '1.961'}
                                                 

 49%|████▉     | 100/204 [04:00<04:26,  2.56s/it]
 50%|████▉     | 101/204 [04:02<04:11,  2.44s/it]
 50%|█████     | 102/204 [04:05<04:07,  2.43s/it]
 50%|█████     | 103/204 [04:07<04:08,  2.46s/it]
 51%|█████     | 104/204 [04:10<04:13,  2.53s/it]
 51%|█████▏    | 105/204 [04:12<04:05,  2.48s/it]
 52%|█████▏    | 106/204 [04:15<03:58,  2.43s/it]
 52%|█████▏    | 107/204 [04:17<03:47,  2.35s/it]
 53%|█████▎    | 108/204 [04:19<03:37,  2.26s/it]
 53%|█████▎    | 109/204 [04:21<03:30,  2.21s/it]
 54%|█████▍    | 110/204 [04:23<03:30,  2.23s/it]
{'loss': '0.4445', 'grad_norm': '7.599', 'learning_rate': '1.06e-05', 'epoch': '2.157'}
                                                 

 54%|█████▍    | 110/204 [04:23<03:30,  2.23s/it]
 54%|█████▍    | 111/204 [04:25<03:24,  2.20s/it]
 55%|█████▍    | 112/204 [04:27<03:21,  2.19s/it]
 55%|█████▌    | 113/204 [04:30<03:17,  2.17s/it]
 56%|█████▌    | 114/204 [04:32<03:15,  2.17s/it]
 56%|█████▋    | 115/204 [04:34<03:27,  2.33s/it]
 57%|█████▋    | 116/204 [04:37<03:25,  2.34s/it]
 57%|█████▋    | 117/204 [04:39<03:21,  2.31s/it]
 58%|█████▊    | 118/204 [04:41<03:17,  2.30s/it]
 58%|█████▊    | 119/204 [04:44<03:16,  2.31s/it]
 59%|█████▉    | 120/204 [04:46<03:09,  2.25s/it]
{'loss': '0.3944', 'grad_norm': '8.196', 'learning_rate': '8.886e-06', 'epoch': '2.353'}
                                                 

 59%|█████▉    | 120/204 [04:46<03:09,  2.25s/it]
 59%|█████▉    | 121/204 [04:48<03:04,  2.22s/it]
 60%|█████▉    | 122/204 [04:50<03:02,  2.23s/it]
 60%|██████    | 123/204 [04:52<03:01,  2.25s/it]
 61%|██████    | 124/204 [04:55<03:05,  2.32s/it]
 61%|██████▏   | 125/204 [04:57<03:01,  2.29s/it]
 62%|██████▏   | 126/204 [04:59<02:58,  2.29s/it]
 62%|██████▏   | 127/204 [05:02<02:56,  2.29s/it]
 63%|██████▎   | 128/204 [05:04<02:56,  2.32s/it]
 63%|██████▎   | 129/204 [05:06<02:54,  2.33s/it]
 64%|██████▎   | 130/204 [05:09<02:49,  2.29s/it]
{'loss': '0.3509', 'grad_norm': '8.002', 'learning_rate': '7.205e-06', 'epoch': '2.549'}
                                                 

 64%|██████▎   | 130/204 [05:09<02:49,  2.29s/it]
 64%|██████▍   | 131/204 [05:12<03:00,  2.47s/it]
 65%|██████▍   | 132/204 [05:14<02:53,  2.41s/it]
 65%|██████▌   | 133/204 [05:16<02:52,  2.43s/it]
 66%|██████▌   | 134/204 [05:19<02:47,  2.39s/it]
 66%|██████▌   | 135/204 [05:21<02:40,  2.33s/it]
 67%|██████▋   | 136/204 [05:23<02:38,  2.33s/it]
 67%|██████▋   | 137/204 [05:25<02:35,  2.32s/it]
 68%|██████▊   | 138/204 [05:28<02:31,  2.29s/it]
 68%|██████▊   | 139/204 [05:30<02:27,  2.28s/it]
 69%|██████▊   | 140/204 [05:32<02:26,  2.29s/it]
{'loss': '0.378', 'grad_norm': '6.003', 'learning_rate': '5.606e-06', 'epoch': '2.745'}
                                                 

 69%|██████▊   | 140/204 [05:32<02:26,  2.29s/it]
 69%|██████▉   | 141/204 [05:34<02:24,  2.30s/it]
 70%|██████▉   | 142/204 [05:37<02:22,  2.30s/it]
 70%|███████   | 143/204 [05:39<02:17,  2.26s/it]
 71%|███████   | 144/204 [05:41<02:13,  2.23s/it]
 71%|███████   | 145/204 [05:43<02:12,  2.24s/it]
 72%|███████▏  | 146/204 [05:46<02:10,  2.25s/it]
 72%|███████▏  | 147/204 [05:48<02:07,  2.23s/it]
 73%|███████▎  | 148/204 [05:50<02:03,  2.21s/it]
 73%|███████▎  | 149/204 [05:52<02:01,  2.20s/it]
 74%|███████▎  | 150/204 [05:54<02:00,  2.23s/it]
{'loss': '0.4136', 'grad_norm': '7.927', 'learning_rate': '4.136e-06', 'epoch': '2.941'}
                                                 

 74%|███████▎  | 150/204 [05:54<02:00,  2.23s/it]
 74%|███████▍  | 151/204 [05:57<01:59,  2.25s/it]
 75%|███████▍  | 152/204 [05:59<01:55,  2.22s/it]
 75%|███████▌  | 153/204 [06:00<01:41,  1.99s/it]
 75%|███████▌  | 154/204 [06:03<01:43,  2.08s/it]
 76%|███████▌  | 155/204 [06:05<01:43,  2.11s/it]
 76%|███████▋  | 156/204 [06:07<01:44,  2.17s/it]
 77%|███████▋  | 157/204 [06:09<01:42,  2.19s/it]
 77%|███████▋  | 158/204 [06:12<01:40,  2.19s/it]
 78%|███████▊  | 159/204 [06:14<01:40,  2.22s/it]
 78%|███████▊  | 160/204 [06:16<01:37,  2.23s/it]
{'loss': '0.4653', 'grad_norm': '7.282', 'learning_rate': '2.838e-06', 'epoch': '3.137'}
                                                 

 78%|███████▊  | 160/204 [06:16<01:37,  2.23s/it]
 79%|███████▉  | 161/204 [06:18<01:35,  2.22s/it]
 79%|███████▉  | 162/204 [06:21<01:34,  2.26s/it]
 80%|███████▉  | 163/204 [06:23<01:33,  2.28s/it]
 80%|████████  | 164/204 [06:25<01:31,  2.29s/it]
 81%|████████  | 165/204 [06:29<01:48,  2.79s/it]
 81%|████████▏ | 166/204 [06:34<02:11,  3.46s/it]
 82%|████████▏ | 167/204 [06:40<02:29,  4.04s/it]
 82%|████████▏ | 168/204 [06:44<02:33,  4.26s/it]
 83%|████████▎ | 169/204 [06:47<02:09,  3.70s/it]
 83%|████████▎ | 170/204 [06:49<01:51,  3.27s/it]
{'loss': '0.4622', 'grad_norm': '11.37', 'learning_rate': '1.751e-06', 'epoch': '3.333'}
                                                 

 83%|████████▎ | 170/204 [06:49<01:51,  3.27s/it]
 84%|████████▍ | 171/204 [06:51<01:35,  2.90s/it]
 84%|████████▍ | 172/204 [06:54<01:27,  2.74s/it]
 85%|████████▍ | 173/204 [06:56<01:20,  2.61s/it]
 85%|████████▌ | 174/204 [06:58<01:13,  2.44s/it]
 86%|████████▌ | 175/204 [07:00<01:07,  2.34s/it]
 86%|████████▋ | 176/204 [07:02<01:01,  2.21s/it]
 87%|████████▋ | 177/204 [07:04<00:58,  2.16s/it]
 87%|████████▋ | 178/204 [07:06<00:54,  2.11s/it]
 88%|████████▊ | 179/204 [07:08<00:51,  2.07s/it]
 88%|████████▊ | 180/204 [07:10<00:49,  2.05s/it]
{'loss': '0.3557', 'grad_norm': '7.596', 'learning_rate': '9.069e-07', 'epoch': '3.529'}
                                                 

 88%|████████▊ | 180/204 [07:10<00:49,  2.05s/it]
 89%|████████▊ | 181/204 [07:12<00:46,  2.01s/it]
 89%|████████▉ | 182/204 [07:14<00:43,  2.00s/it]
 90%|████████▉ | 183/204 [07:16<00:42,  2.01s/it]
 90%|█████████ | 184/204 [07:18<00:40,  2.03s/it]
 91%|█████████ | 185/204 [07:20<00:38,  2.01s/it]
 91%|█████████ | 186/204 [07:22<00:35,  1.97s/it]
 92%|█████████▏| 187/204 [07:24<00:33,  1.95s/it]
 92%|█████████▏| 188/204 [07:26<00:30,  1.94s/it]
 93%|█████████▎| 189/204 [07:27<00:28,  1.91s/it]
 93%|█████████▎| 190/204 [07:29<00:26,  1.90s/it]
{'loss': '0.2908', 'grad_norm': '6.314', 'learning_rate': '3.297e-07', 'epoch': '3.725'}
                                                 

 93%|█████████▎| 190/204 [07:29<00:26,  1.90s/it]
 94%|█████████▎| 191/204 [07:31<00:24,  1.90s/it]
 94%|█████████▍| 192/204 [07:33<00:22,  1.90s/it]
 95%|█████████▍| 193/204 [07:35<00:20,  1.89s/it]
 95%|█████████▌| 194/204 [07:37<00:18,  1.88s/it]
 96%|█████████▌| 195/204 [07:39<00:16,  1.88s/it]
 96%|█████████▌| 196/204 [07:41<00:15,  1.88s/it]
 97%|█████████▋| 197/204 [07:42<00:13,  1.88s/it]
 97%|█████████▋| 198/204 [07:44<00:11,  1.89s/it]
 98%|█████████▊| 199/204 [07:46<00:09,  1.88s/it]
 98%|█████████▊| 200/204 [07:48<00:07,  1.88s/it]
{'loss': '0.3269', 'grad_norm': '6.73', 'learning_rate': '3.682e-08', 'epoch': '3.922'}
                                                 

 98%|█████████▊| 200/204 [07:48<00:07,  1.88s/it]
 99%|█████████▊| 201/204 [07:50<00:05,  1.88s/it]
 99%|█████████▉| 202/204 [07:52<00:03,  1.88s/it]
100%|█████████▉| 203/204 [07:54<00:01,  1.88s/it]
100%|██████████| 204/204 [07:55<00:00,  1.68s/it]
{'train_runtime': '475.5', 'train_samples_per_second': '6.814', 'train_steps_per_second': '0.429', 'train_loss': '0.6505', 'epoch': '4'}
                                                 

100%|██████████| 204/204 [07:55<00:00,  1.68s/it]
100%|██████████| 204/204 [07:55<00:00,  2.33s/it]

Writing model shards:   0%|          | 0/1 [00:00<?, ?it/s]
Writing model shards: 100%|██████████| 1/1 [00:00<00:00, 14.46it/s]
[6/6] 微调后评估（模型已保存至 G:\Trae-work产出\6ac74ad9945a4596a6819335\_build11\研发\models\bge-small-zh-ccf-finetuned）...
    微调后: Recall@1=0.4758 Recall@5=0.7606 MRR@10=0.5904 NDCG@10=0.6201 EntityAcc@1=0.7818
[4/4] 图表：['01_微调前后指标对比.png', '02_RecallK曲线.png', '03_训练损失曲线.png', '04_分组指标对比_查询类型.png', '05_分组指标对比_行业.png', '06_数据集构成.png']

===== 全流程完成 =====
指标变化: {"recall@1": 0.1455, "recall@3": 0.1788, "recall@5": 0.2182, "recall@10": 0.2515, "mrr@10": 0.1697, "ndcg@10": 0.1768, "entity_acc@1": -0.0303, "chunk_recall@10": 0.1165}
微调模型: G:\Trae-work产出\6ac74ad9945a4596a6819335\_build11\研发\models\bge-small-zh-ccf-finetuned
