2026-10-06 15:12:15.272 | INFO     | src.embedding:<module>:20 - 使用本地嵌入模型: /home/dabaie/models/bge-m3
2026-10-06 15:12:25.882 | INFO     | src.vector_store:_connect:37 - 已连接远程 Milvus: http://localhost:19530, v=2.6.9
2026-10-06 15:12:30.889 | INFO     | src.embedding:_load:50 - 加载嵌入模型: /home/dabaie/models/bge-m3  device=cuda
Loading weights:   0%|          | 0/391 [00:00<?, ?it/s]Loading weights: 100%|██████████| 391/391 [00:00<00:00, 10832.05it/s]
2026-10-06 15:12:24.346 | INFO     | src.embedding:_load:55 - max_seq_length=512
2026-10-06 15:12:24.901 | INFO     | src.embedding:_load:60 - 嵌入模型就绪: dim=1024
Building prefix dict from the default dictionary ...
Loading model from cache /tmp/jieba.cache
Loading model cost 0.316 seconds.
Prefix dict has been built successfully.
Loading weights:   0%|          | 0/393 [00:00<?, ?it/s]Loading weights:  38%|███▊      | 151/393 [00:00<00:00, 1507.07it/s]Loading weights: 100%|██████████| 393/393 [00:00<00:00, 2025.70it/s]
2026-10-06 15:12:26.652 | INFO     | src.reranker:_load:46 - ✅ Reranker 加载完成: /home/dabaie/models/bge-reranker-v2-m3
2026-10-06 15:12:30.627 | INFO     | src.text_retriever_v3:retrieve:115 - [text_retriever_v3] retrieve: vec=24 kw=24 fused=8 16089ms
==========================================================================================
id3 公司的主要关联方有哪些？
  cut=1500: 1315ms top8=['p173*', 'p172*', 'p171*', 'p172*', 'p131*', 'p9*', 'p55', 'p179*']
  cut=900: 1291ms top8=['p173*', 'p172*', 'p171*', 'p172*', 'p131*', 'p9*', 'p55', 'p179*']
  cut=600: 978ms top8=['p173*', 'p172*', 'p171*', 'p131*', 'p55', 'p9*', 'p45', 'p174*']
==========================================================================================
id5 报告期内，公司来自军用领域的收入分别是多少？
  cut=1500: 1307ms top8=['p217', 'p263', 'p131', 'p4*', 'p29', 'p213', 'p130', 'p218']
  cut=900: 1174ms top8=['p217', 'p263', 'p131', 'p4*', 'p29', 'p213', 'p130', 'p218']
  cut=600: 860ms top8=['p217', 'p263', 'p131', 'p4*', 'p29', 'p213', 'p130', 'p218']
==========================================================================================
id10 力源信息报告期内主营业务收入构成是什么？
  cut=1500: 1157ms top8=['p120*', 'p279*', 'p246*', 'p287', 'p244*', 'p278*', 'p285', 'p255']
  cut=900: 1196ms top8=['p120*', 'p279*', 'p246*', 'p287', 'p244*', 'p278*', 'p285', 'p255']
  cut=600: 841ms top8=['p279*', 'p120*', 'p287', 'p246*', 'p278*', 'p244*', 'p286', 'p255']
==========================================================================================
ids2 本次发行的募集资金总额是多少？
  cut=1500: 1176ms top8=['p23*', 'p267*', 'p23*', 'p17*', 'p35*', 'p53', 'p265*', 'p35*']
  cut=900: 1175ms top8=['p23*', 'p267*', 'p23*', 'p17*', 'p35*', 'p53', 'p265*', 'p35*']
  cut=600: 903ms top8=['p23*', 'p267*', 'p17*', 'p35*', 'p53', 'p23*', 'p265*', 'p25']
