2026-10-06 15:31:10.964 | INFO     | src.embedding:<module>:20 - 使用本地嵌入模型: /home/dabaie/models/bge-m3
2026-10-06 15:31:11.201 | INFO     | src.vector_store:_connect:37 - 已连接远程 Milvus: http://localhost:19530, v=2.6.9
2026-10-06 15:31:14.234 | INFO     | src.embedding:_load:50 - 加载嵌入模型: /home/dabaie/models/bge-m3  device=cuda
Loading weights:   0%|          | 0/391 [00:00<?, ?it/s]Loading weights: 100%|██████████| 391/391 [00:00<00:00, 11611.00it/s]
2026-10-06 15:31:16.818 | INFO     | src.embedding:_load:55 - max_seq_length=512
2026-10-06 15:31:17.154 | INFO     | src.embedding:_load:60 - 嵌入模型就绪: dim=1024
Building prefix dict from the default dictionary ...
Loading model from cache /tmp/jieba.cache
Loading model cost 10.768 seconds.
Prefix dict has been built successfully.
vec 中含'注册资本'或'万元注册'的：
  V0 p38 :: 武汉兴图新科电子股份有限公司                                            招股说明书（申报稿）
1-1-37
17 日以货币资金和实物资产共同出资设立，成立时注册资本50 万元。
湖北金石财务咨询评
  V2 p40 :: .00
9.10
4
陈爱民
232.56
4.63
5
张伟
54.72
1.09
6
方梦兰
54.72
1.09
7
王智勇
27.36
0.55
合计
5,016.00
100.00
（二）2017 年7 月公司注册资本增加至5,2
  V3 p40 :: 武汉兴图新科电子股份有限公司                                            招股说明书（申报稿）
1-1-39
序号
股东名称
持股数量（万股）
持股比例（%）
6
王智勇
18.00
1.00
7

  V4 p39 :: 武汉兴图新科电子股份有限公司                                            招股说明书（申报稿）
1-1-38
日的净资产进行了审计，并于2011 年1 月12 日出具了《审计报告》（中证天通
[20
  V6 p43 :: 武汉兴图新科电子股份有限公司                                            招股说明书（申报稿）
1-1-42
序号
股东姓名
持股数量（万股）
持股比例（%）
3
华汇创投
306.00
5.86

  V8 p46 :: 武汉兴图新科电子股份有限公司                                            招股说明书（申报稿）
1-1-45
（1）基本情况
兴图天建的基本情况如下：
公司名称
湖北兴图天建科技有限公司
公司类型

  V9 p16 :: 武汉兴图新科电子股份有限公司                                            招股说明书（申报稿）
1-1-15
第二节 概览
本概览仅对招股说明书全文做扼要提示。投资者作出投资决策前，应认真阅
读招股
  V11 p37 :: 武汉兴图新科电子股份有限公司                                            招股说明书（申报稿）
1-1-36
第五节 发行人基本情况
一、发行人的基本情况
公司名称：武汉兴图新科电子股份有限公司
英
  V17 p3 :: 武汉兴图新科电子股份有限公司                                            招股说明书（申报稿）
1-1-2
本次发行概况
发行股票类型
人民币普通股（A 股）
发行股数
发行人本次公开发行的股份数量
  V18 p25 :: 武汉兴图新科电子股份有限公司                                            招股说明书（申报稿）
1-1-24
第三节 本次发行概况
一、本次发行的基本情况
股票种类
人民币普通股（A 股）
每股面值
kw_new 共 21，含注册资本的：
