2026-09-29 08:34:31.552 Uvicorn server started on :::8508

  You can now view your Streamlit app in your browser.

  Local URL: http://localhost:8508
  Network URL: http://10.223.15.40:8508
  External URL: http://221.221.200.17:8508

2026-09-29 10:30:30.255 Script compilation error
Traceback (most recent call last):
  File "/home/dabaie/code/my_project/.venv/lib/python3.10/site-packages/streamlit/runtime/scriptrunner/script_runner.py", line 729, in _run_script
    code = self._script_cache.get_bytecode(script_path)
  File "/home/dabaie/code/my_project/.venv/lib/python3.10/site-packages/streamlit/runtime/scriptrunner/script_cache.py", line 68, in get_bytecode
    with open_python_file(script_path) as f:
  File "/home/dabaie/code/my_project/.venv/lib/python3.10/site-packages/streamlit/source_util.py", line 54, in open_python_file
    return tokenize.open(filename)
  File "/usr/lib/python3.10/tokenize.py", line 394, in open
    buffer = _builtin_open(filename, 'rb')
FileNotFoundError: [Errno 2] No such file or directory: '/home/dabaie/code/工单/工单二/_step8_text.py'
2026-09-29 12:06:10.047 Script compilation error
Traceback (most recent call last):
  File "/home/dabaie/code/my_project/.venv/lib/python3.10/site-packages/streamlit/runtime/scriptrunner/script_runner.py", line 729, in _run_script
    code = self._script_cache.get_bytecode(script_path)
  File "/home/dabaie/code/my_project/.venv/lib/python3.10/site-packages/streamlit/runtime/scriptrunner/script_cache.py", line 68, in get_bytecode
    with open_python_file(script_path) as f:
  File "/home/dabaie/code/my_project/.venv/lib/python3.10/site-packages/streamlit/source_util.py", line 54, in open_python_file
    return tokenize.open(filename)
  File "/usr/lib/python3.10/tokenize.py", line 394, in open
    buffer = _builtin_open(filename, 'rb')
FileNotFoundError: [Errno 2] No such file or directory: '/home/dabaie/code/工单/工单二/_step8_text.py'
2026-09-29 14:01:13.445 Script compilation error
Traceback (most recent call last):
  File "/home/dabaie/code/my_project/.venv/lib/python3.10/site-packages/streamlit/runtime/scriptrunner/script_runner.py", line 729, in _run_script
    code = self._script_cache.get_bytecode(script_path)
  File "/home/dabaie/code/my_project/.venv/lib/python3.10/site-packages/streamlit/runtime/scriptrunner/script_cache.py", line 68, in get_bytecode
    with open_python_file(script_path) as f:
  File "/home/dabaie/code/my_project/.venv/lib/python3.10/site-packages/streamlit/source_util.py", line 54, in open_python_file
    return tokenize.open(filename)
  File "/usr/lib/python3.10/tokenize.py", line 394, in open
    buffer = _builtin_open(filename, 'rb')
FileNotFoundError: [Errno 2] No such file or directory: '/home/dabaie/code/工单/工单二/_step8_text.py'
2026-09-29 14:01:20.481 Script compilation error
Traceback (most recent call last):
  File "/home/dabaie/code/my_project/.venv/lib/python3.10/site-packages/streamlit/runtime/scriptrunner/script_runner.py", line 729, in _run_script
    code = self._script_cache.get_bytecode(script_path)
  File "/home/dabaie/code/my_project/.venv/lib/python3.10/site-packages/streamlit/runtime/scriptrunner/script_cache.py", line 68, in get_bytecode
    with open_python_file(script_path) as f:
  File "/home/dabaie/code/my_project/.venv/lib/python3.10/site-packages/streamlit/source_util.py", line 54, in open_python_file
    return tokenize.open(filename)
  File "/usr/lib/python3.10/tokenize.py", line 394, in open
    buffer = _builtin_open(filename, 'rb')
FileNotFoundError: [Errno 2] No such file or directory: '/home/dabaie/code/工单/工单二/_step8_text.py'
