
Collecting usage statistics. To deactivate, set browser.gatherUsageStats to false.

2026-09-28 16:54:39.229 Uvicorn server started on :::8501

  You can now view your Streamlit app in your browser.

  Local URL: http://localhost:8501
  Network URL: http://10.223.15.42:8501
  External URL: http://221.221.203.242:8501

  Detected WSL. Using poll-based file watching for better compatibility. To force watchdog, set server.fileWatcherType = "watchdog".
2026-09-28 16:59:11.276 Please replace `st.components.v1.html` with `st.iframe`.

`st.components.v1.html` will be removed after 2026-06-01.
2026-09-28 16:59:19.859 Please replace `st.components.v1.html` with `st.iframe`.

`st.components.v1.html` will be removed after 2026-06-01.
2026-09-28 17:00:04.486 Please replace `st.components.v1.html` with `st.iframe`.

`st.components.v1.html` will be removed after 2026-06-01.
2026-09-28 17:00:52.582 Please replace `st.components.v1.html` with `st.iframe`.

`st.components.v1.html` will be removed after 2026-06-01.
2026-09-28 17:01:31.415 Please replace `st.components.v1.html` with `st.iframe`.

`st.components.v1.html` will be removed after 2026-06-01.
2026-09-28 17:07:16.743 Please replace `st.components.v1.html` with `st.iframe`.

`st.components.v1.html` will be removed after 2026-06-01.
2026-09-28 17:07:32.903 Please replace `st.components.v1.html` with `st.iframe`.

`st.components.v1.html` will be removed after 2026-06-01.
