2026-10-08 11:42:37,410 INFO o.a.j.u.JMeterUtils: Setting Locale to en_EN
2026-10-08 11:42:37,434 INFO o.a.j.JMeter: Loading user properties from: D:\测试工具\apache-jmeter-5.6.3\bin\user.properties
2026-10-08 11:42:37,435 INFO o.a.j.JMeter: Loading system properties from: D:\测试工具\apache-jmeter-5.6.3\bin\system.properties
2026-10-08 11:42:37,436 INFO o.a.j.JMeter: Setting JMeter property: port=9219
2026-10-08 11:42:37,436 INFO o.a.j.JMeter: Setting JMeter property: threads=10
2026-10-08 11:42:37,436 INFO o.a.j.JMeter: Setting JMeter property: duration=15
2026-10-08 11:42:37,437 INFO o.a.j.JMeter: Setting JMeter property: csvfile=D:\作业\6-专高NLP 作业\成品\17\研发\logs\jmeter_optimized_b.csv
2026-10-08 11:42:37,437 INFO o.a.j.JMeter: Setting JMeter property: host=127.0.0.1
2026-10-08 11:42:37,445 INFO o.a.j.JMeter: Copyright (c) 1998-2024 The Apache Software Foundation
2026-10-08 11:42:37,446 INFO o.a.j.JMeter: Version 5.6.3
2026-10-08 11:42:37,446 INFO o.a.j.JMeter: java.version=17.0.20.1
2026-10-08 11:42:37,446 INFO o.a.j.JMeter: java.vm.name=OpenJDK 64-Bit Server VM
2026-10-08 11:42:37,446 INFO o.a.j.JMeter: os.name=Windows 11
2026-10-08 11:42:37,446 INFO o.a.j.JMeter: os.arch=amd64
2026-10-08 11:42:37,446 INFO o.a.j.JMeter: os.version=10.0
2026-10-08 11:42:37,446 INFO o.a.j.JMeter: file.encoding=GBK
2026-10-08 11:42:37,446 INFO o.a.j.JMeter: java.awt.headless=true
2026-10-08 11:42:37,446 INFO o.a.j.JMeter: Max memory     =1073741824
2026-10-08 11:42:37,447 INFO o.a.j.JMeter: Available Processors =16
2026-10-08 11:42:37,457 INFO o.a.j.JMeter: Default Locale=English (EN)
2026-10-08 11:42:37,458 INFO o.a.j.JMeter: JMeter  Locale=English (EN)
2026-10-08 11:42:37,458 INFO o.a.j.JMeter: JMeterHome=D:\测试工具\apache-jmeter-5.6.3
2026-10-08 11:42:37,458 INFO o.a.j.JMeter: user.dir  =D:\作业\6-专高NLP 作业\成品\17\研发\src
2026-10-08 11:42:37,458 INFO o.a.j.JMeter: PWD       =D:\作业\6-专高NLP 作业\成品\17\研发\src
2026-10-08 11:42:37,461 INFO o.a.j.JMeter: IP: 172.26.128.1 Name: LAPTOP-BE8R6ARI FullName: LAPTOP-BE8R6ARI.mshome.net
2026-10-08 11:42:37,477 INFO o.a.j.s.FileServer: Default base='D:\作业\6-专高NLP 作业\成品\17\研发\src'
2026-10-08 11:42:37,480 INFO o.a.j.s.FileServer: Set new base='D:\作业\6-专高NLP 作业\成品\17\研发\src'
2026-10-08 11:42:37,727 INFO o.a.j.s.SaveService: Testplan (JMX) version: 2.2. Testlog (JTL) version: 2.2
2026-10-08 11:42:37,763 INFO o.a.j.s.SaveService: Using SaveService properties version 5.0
2026-10-08 11:42:37,765 INFO o.a.j.s.SaveService: Using SaveService properties file encoding UTF-8
2026-10-08 11:42:37,770 INFO o.a.j.s.SaveService: Loading file: D:\作业\6-专高NLP 作业\成品\17\研发\src\scenario_b.jmx
2026-10-08 11:42:37,827 INFO o.a.j.p.h.s.HTTPSamplerBase: Parser for text/html is org.apache.jmeter.protocol.http.parser.LagartoBasedHtmlParser
2026-10-08 11:42:37,827 INFO o.a.j.p.h.s.HTTPSamplerBase: Parser for application/xhtml+xml is org.apache.jmeter.protocol.http.parser.LagartoBasedHtmlParser
2026-10-08 11:42:37,827 INFO o.a.j.p.h.s.HTTPSamplerBase: Parser for application/xml is org.apache.jmeter.protocol.http.parser.LagartoBasedHtmlParser
2026-10-08 11:42:37,827 INFO o.a.j.p.h.s.HTTPSamplerBase: Parser for text/xml is org.apache.jmeter.protocol.http.parser.LagartoBasedHtmlParser
2026-10-08 11:42:37,827 INFO o.a.j.p.h.s.HTTPSamplerBase: Parser for text/vnd.wap.wml is org.apache.jmeter.protocol.http.parser.RegexpHTMLParser
2026-10-08 11:42:37,828 INFO o.a.j.p.h.s.HTTPSamplerBase: Parser for text/css is org.apache.jmeter.protocol.http.parser.CssParser
2026-10-08 11:42:37,848 INFO o.a.j.JMeter: Creating summariser <summary>
2026-10-08 11:42:37,860 INFO o.a.j.e.StandardJMeterEngine: Running the test!
2026-10-08 11:42:37,861 INFO o.a.j.s.SampleEvent: List of sample_variables: []
2026-10-08 11:42:37,861 INFO o.a.j.s.SampleEvent: List of sample_variables: []
2026-10-08 11:42:37,865 INFO o.a.j.e.u.CompoundVariable: Note: Function class names must contain the string: '.functions.'
2026-10-08 11:42:37,865 INFO o.a.j.e.u.CompoundVariable: Note: Function class names must not contain the string: '.gui.'
2026-10-08 11:42:37,950 INFO o.a.j.JMeter: Running test (1791430957950)
2026-10-08 11:42:37,967 INFO o.a.j.e.StandardJMeterEngine: Starting ThreadGroup: 1 : 10Users
2026-10-08 11:42:37,967 INFO o.a.j.e.StandardJMeterEngine: Starting 10 threads for group 10Users.
2026-10-08 11:42:37,967 INFO o.a.j.e.StandardJMeterEngine: Thread will continue on error
2026-10-08 11:42:37,967 INFO o.a.j.t.ThreadGroup: Starting thread group... number=1 threads=10 ramp-up=3 delayedStart=false
2026-10-08 11:42:37,977 INFO o.a.j.t.JMeterThread: Thread started: 10Users 1-1
2026-10-08 11:42:37,979 INFO o.a.j.t.ThreadGroup: Started thread group number 1
2026-10-08 11:42:37,979 INFO o.a.j.e.StandardJMeterEngine: All thread groups have been started
2026-10-08 11:42:38,103 INFO o.a.j.p.h.s.HTTPHCAbstractImpl: Local host = LAPTOP-BE8R6ARI
2026-10-08 11:42:38,135 INFO o.a.j.p.h.s.HTTPHC4Impl: HTTP request retry count = 0
2026-10-08 11:42:38,143 INFO o.a.j.s.SampleResult: Note: Sample TimeStamps are START times
2026-10-08 11:42:38,143 INFO o.a.j.s.SampleResult: sampleresult.default.encoding is set to UTF-8
2026-10-08 11:42:38,144 INFO o.a.j.s.SampleResult: sampleresult.useNanoTime=true
2026-10-08 11:42:38,144 INFO o.a.j.s.SampleResult: sampleresult.nanoThreadSleep=5000
2026-10-08 11:42:38,270 INFO o.a.j.t.JMeterThread: Thread started: 10Users 1-2
2026-10-08 11:42:38,569 INFO o.a.j.t.JMeterThread: Thread started: 10Users 1-3
2026-10-08 11:42:38,871 INFO o.a.j.t.JMeterThread: Thread started: 10Users 1-4
2026-10-08 11:42:39,170 INFO o.a.j.t.JMeterThread: Thread started: 10Users 1-5
2026-10-08 11:42:39,470 INFO o.a.j.t.JMeterThread: Thread started: 10Users 1-6
2026-10-08 11:42:39,768 INFO o.a.j.t.JMeterThread: Thread started: 10Users 1-7
2026-10-08 11:42:40,068 INFO o.a.j.t.JMeterThread: Thread started: 10Users 1-8
2026-10-08 11:42:40,368 INFO o.a.j.t.JMeterThread: Thread started: 10Users 1-9
2026-10-08 11:42:40,669 INFO o.a.j.t.JMeterThread: Thread started: 10Users 1-10
2026-10-08 11:42:52,878 INFO o.a.j.t.JMeterThread: Thread finished: 10Users 1-1
2026-10-08 11:42:52,897 INFO o.a.j.t.JMeterThread: Thread finished: 10Users 1-7
2026-10-08 11:42:52,897 INFO o.a.j.t.JMeterThread: Thread finished: 10Users 1-9
2026-10-08 11:42:52,909 INFO o.a.j.t.JMeterThread: Thread finished: 10Users 1-3
2026-10-08 11:42:52,926 INFO o.a.j.t.JMeterThread: Thread finished: 10Users 1-2
2026-10-08 11:42:52,970 INFO o.a.j.t.JMeterThread: Thread finished: 10Users 1-10
2026-10-08 11:42:52,987 INFO o.a.j.t.JMeterThread: Stopping because end time detected by thread: 10Users 1-8
2026-10-08 11:42:52,987 INFO o.a.j.t.JMeterThread: Thread finished: 10Users 1-8
2026-10-08 11:42:53,001 INFO o.a.j.t.JMeterThread: Stopping because end time detected by thread: 10Users 1-6
2026-10-08 11:42:53,001 INFO o.a.j.t.JMeterThread: Thread finished: 10Users 1-6
2026-10-08 11:42:53,001 INFO o.a.j.t.JMeterThread: Stopping because end time detected by thread: 10Users 1-4
2026-10-08 11:42:53,002 INFO o.a.j.t.JMeterThread: Thread finished: 10Users 1-4
2026-10-08 11:42:53,063 INFO o.a.j.t.JMeterThread: Stopping because end time detected by thread: 10Users 1-5
2026-10-08 11:42:53,063 INFO o.a.j.t.JMeterThread: Thread finished: 10Users 1-5
2026-10-08 11:42:53,063 INFO o.a.j.e.StandardJMeterEngine: Notifying test listeners of end of test
2026-10-08 11:42:53,064 INFO o.a.j.r.Summariser: summary =    675 in 00:00:15 =   44.7/s Avg:    95 Min:    92 Max:   124 Err:     0 (0.00%)
