============================================================================
CCF 上市公司年报多轮检索问答演示  |  工单编号: 人工智能 NLP-RAG-金融问答系统部署
============================================================================
Building prefix dict from the default dictionary ...
Dumping model to file cache /tmp/jieba.cache
Loading model cost 0.721 seconds.
Prefix dict has been built successfully.

【第 1 轮】现象：首轮：实体 + 数值型（招商银行经营业绩）
Q: 招商银行2019年实现营业收入和归属于本行股东的净利润分别是多少？
A: 截至年末，招商银行总资产达7.42万亿元， 较上年末增长9.95%；全年实现营业收入2,697.03亿元，同比增长8.51%；实现归属于本行股东净利润928.67 亿元，同比增长15.28%。
  [文档=2020-03-21__招商银行股份有限公司__600036__招商银行__2019年__年度报告.pdf | 类型=amount | 耗时=0.29s]
  [证据] 2020-03-21__招商银行股份有限公司__600036__招商银行__2019年__年度报告.pdf p.7 (text)  【4. 本年度报告除特别说明外，货币币种为人民币。】招商银行股份有限公司 行 长 致 辞 2019年度报告（A股） 行长...

【第 2 轮】现象：指代消解（「它」→ 上一轮的招商银行）
Q: 它的不良贷款率和拨备覆盖率分别是多少？
  ↳ 改写: 招商银行股份有限公司的不良贷款率和拨备覆盖率分别是多少？
     · 指代消解：「它」→「招商银行股份有限公司」
A: 2019年 2018年本年末比 2017年资产质量指标(%) 12月31日 12月31日上年末增减 12月31日不良贷款率 1.16 1.36 减少0.20个百分点 1.61不良贷款拨备覆盖率(1) 426.78 358.18 增加68.60个百分点 262.11 贷款拨备率(2) 4.97 4.88 增加0.09个百分点 4.22 注 ： (1) 不良贷款拨备覆盖率=贷款损失准备╱不良贷款余额。
  [文档=2020-03-21__招商银行股份有限公司__600036__招商银行__2019年__年度报告.pdf | 类型=ratio | 耗时=0.251s]
  [证据] 2020-03-21__招商银行股份有限公司__600036__招商银行__2019年__年度报告.pdf p.17 (text)  【2.2 补充财务比率】理费╱营业收入。 2019年 2018年 本年末比 2017年 资产质量指标(%) 12月31日...

【第 3 轮】现象：省略补全（继承上一轮意图「不良贷款率/拨备覆盖率」，替换主语为邮储银行）
Q: 那邮储银行呢？
  ↳ 改写: 邮储银行不良贷款率和拨备覆盖率
     · 省略补全：继承上一轮意图「不良贷款率和拨备覆盖率」
     · 主语补全为「邮储银行」
A: 截至报告期末，不良贷款余额428.44亿元，不良贷款率0.86%，拨备覆盖率389.45%。
  [文档=2020-03-26__中国邮政储蓄银行股份有限公司__601658__邮储银行__2019年__年度报告.pdf | 类型=ratio | 耗时=0.267s]
  [证据] 2020-03-26__中国邮政储蓄银行股份有限公司__601658__邮储银行__2019年__年度报告.pdf p.22 (text)  【6.2 行长致辞】策部署，进一步健全和完善“全面、全程、全员”的全面风险 管理体系，全面摸排资产风险底数，强化“三道防...

【第 4 轮】现象：跨文档实体切换（银行 → 保险）
Q: 中国平安2019年归属于母公司股东的净利润是多少？
A: 2019年，集团实现归属于母公司股东的净利润1,494.07亿元，同比增长39.1%；
  [文档=2020-02-21__中国平安保险集团股份有限公司__601318__中国平安__2019年__年度报告.pdf | 类型=amount | 耗时=0.335s]
  [证据] 2020-02-21__中国平安保险集团股份有限公司__601318__中国平安__2019年__年度报告.pdf p.20 (text)  【24.4%。】主要业务经营分析 业绩综述 2019年，集团实现归属于母公司股东的营运利润1,329.55亿元，同比增长...

【第 5 轮】现象：事实/分析型（长距离语义召回，绿色金融章节）
Q: 中国太保2021年在绿色金融和碳减排方面有哪些举措？
A: 1 2 绿色保险绿色投资中国太保围绕保障清洁高效能源体系建设、降低污染消耗、 中国太保积极参与绿色金融体制机制创新，为国家经济绿色有效应对气候变化风险等方面，推进保险产品和服务创新， 化转型提供融资支持。通过债权投资计划、股权投资计划、 推动经济和社会全面绿色转型，全方位助力高质量发展。资产支持计划、产业基金等形式，直接参与绿色项目投资建设，领域涵盖清洁交通、清洁能源、资源节约、循环利用和环境污染责任险。参与环境污染责任保险产品研发及落地， 污染防治等。2021年5月，长江养老发行首只ESG保险资管产品，填补了养老保险资管领域在ESG产品发行方面的空白，引导投资清洁能源保险。同时，推进绿色保险，发力绿色金融，加强绿色运营，实施碳减排和碳中和行动，促进生态文明建设。
  [文档=2022-03-28__中国太平洋保险集团股份有限公司__601601__中国太保__2021年__年度报告.pdf | 类型=list | 耗时=0.333s]
  [证据] 2022-03-28__中国太平洋保险集团股份有限公司__601601__中国太保__2021年__年度报告.pdf p.133 (text)  【1、声誉风险】公司治理 环境和社会责任 中国太保凭借专业优势，运用风险防控技术和高科技服务工具，主动应对气候变化挑战，...

============================================================================
对话记录已保存 → /app/output/multiturn_demo.json
