Building prefix dict from the default dictionary ...
Loading model from cache /tmp/jieba.cache
Loading model cost 0.705 seconds.
Prefix dict has been built successfully.
==========================================================================================
检索策略对比演示  |  工单编号: 人工智能 NLP-RAG-金融问答系统部署
==========================================================================================

【语义型（表述不同、需向量召回）】招商银行2019年全年赚了多少钱？净利润是多少？
  · vector   耗时  0.28s | 命中 5 块 | 答案：本集团实现归属于本行股东的净利润928.67亿元，同比增长15.28%，增速创2013年以来新高；
  · fulltext 耗时  0.11s | 命中 5 块 | 答案：本集团实现归属于本行股东的净利润928.67亿元，同比增长15.28%，增速创2013年以来新高；
  · hybrid   耗时  0.15s | 命中 5 块 | 答案：本集团实现归属于本行股东的净利润928.67亿元，同比增长15.28%，增速创2013年以来新高；

【词法型（精确关键词、需全文召回）】招商银行提到的「逾越者联盟」是什么？
  · vector   耗时  0.17s | 命中 5 块 | 答案：通过召开首次由商业银行举办的合作伙伴大会、发起设立“逾越者联盟”、 参与咖啡零售、出行预订、影票销售等，
  · fulltext 耗时  0.03s | 命中 5 块 | 答案：通过召开首次由商业银行举办的合作伙伴大会、发起设立“逾越者联盟”、 参与咖啡零售、出行预订、影票销售等，
  · hybrid   耗时  0.13s | 命中 5 块 | 答案：通过召开首次由商业银行举办的合作伙伴大会、发起设立“逾越者联盟”、 参与咖啡零售、出行预订、影票销售等，

【布尔查询】不良贷款率 AND 拨备覆盖率
  · vector   耗时  0.18s | 命中 5 块 | 答案：2019年 2018年本年末比 2017年资产质量指标(%) 12月31日 12月31日上年末增减 12
  · fulltext 耗时  0.03s | 命中 5 块 | 答案：平安银行资产质量持续改善，不良贷款率、关注贷款占比、逾期60天以上贷款占比及逾期90天以上贷款占比分别为
  · hybrid   耗时  0.09s | 命中 5 块 | 答案：2019年 2018年本年末比 2017年资产质量指标(%) 12月31日 12月31日上年末增减 12

【短语匹配】"归属于本行股东的净利润"
  · vector   耗时  0.20s | 命中 5 块 | 答案：2020 年度财务报表附注（续） （除特别注明外，金额单位为人民币百万元） 48. ﾠ未分配利润金额提取
  · fulltext 耗时  0.11s | 命中 5 块 | 答案：财务报告附录: 财务报表补充资料附录 : 财务报表补充资料 2021 年 12 月 31 日 (除特别注
  · hybrid   耗时  0.16s | 命中 5 块 | 答案：财务报告附录: 财务报表补充资料附录 : 财务报表补充资料 2021 年 12 月 31 日 (除特别注

【模糊匹配】拨备覆盖
  · vector   耗时  0.15s | 命中 5 块 | 答案：拨备覆盖率: 标准值 ≥150；2017年 12月31日 0.75 拨备覆盖率(7): 2019年 12
  · fulltext 耗时  0.03s | 命中 5 块 | 答案：拨备覆盖率: 标准值 ≥150；同时，本行充分发挥特殊资产管理事业部专业清收优势，加大对已核销贷款的清收
  · hybrid   耗时  0.13s | 命中 5 块 | 答案：拨备覆盖率: 标准值 ≥150；同时，本行充分发挥特殊资产管理事业部专业清收优势，加大对已核销贷款的清收

【表格型】邮储银行2019年末的不良贷款率和拨备覆盖率分别是多少？
  · vector   耗时  0.24s | 命中 5 块 | 答案：截至报告期末，不良贷款余额428.44亿元，不良贷款率0.86%，拨备覆盖率389.45%。
  · fulltext 耗时  0.09s | 命中 5 块 | 答案：不良贷款率 0.86%，拨备覆盖率 389.45%，发展质量保持优异，抵御风险能力进一步增强。
  · hybrid   耗时  0.14s | 命中 5 块 | 答案：截至报告期末，不良贷款余额428.44亿元，不良贷款率0.86%，拨备覆盖率389.45%。

【图形语义/列举型】中国太保2021年在绿色金融方面有哪些举措？
  · vector   耗时  0.20s | 命中 5 块 | 答案：1 2 绿色保险绿色投资中国太保围绕保障清洁高效能源体系建设、降低污染消耗、 中国太保积极参与绿色金融体
  · fulltext 耗时  0.09s | 命中 5 块 | 答案：1 2 绿色保险绿色投资中国太保围绕保障清洁高效能源体系建设、降低污染消耗、 中国太保积极参与绿色金融体
  · hybrid   耗时  0.19s | 命中 5 块 | 答案：1 2 绿色保险绿色投资中国太保围绕保障清洁高效能源体系建设、降低污染消耗、 中国太保积极参与绿色金融体

对比数据已落盘 → /app/output/strategy_demo.json
