======================================================================
 金融问答系统 · 容器管理验收
 工单编号: 人工智能 NLP-RAG-金融问答系统部署
======================================================================
----------------------------------------------------------------------
一、容器启动与运行
  [PASS] 容器 finqa-app 处于运行状态
  [PASS] 8501 端口已对外映射
  [PASS] 服务健康检查 /_stcore/health = ok
  [PASS] 运行日志无异常（无 Traceback/Error）
----------------------------------------------------------------------
二、容器数据管理
  [PASS] 卷持久化：容器销毁重建后卷上数据未丢失
  [PASS] 容器间共享：容器 B 读到容器 A 写入共享卷的数据
----------------------------------------------------------------------
三、网络配置
  [PASS] 自定义 bridge 网络 finqa-net 存在
  [PASS] 服务容器已接入 finqa-net
  [PASS] 问答容器与对端 RTMP 服务(finqa-peer:1935) 网络互通（RTMP 握手成功）
----------------------------------------------------------------------
验收汇总：PASS=9  FAIL=0
======================================================================
