C:\Users\92842\anaconda3\envs\rag\Lib\site-packages\jieba\_compat.py:18: UserWarning: pkg_resources is deprecated as an API. See https://setuptools.pypa.io/en/latest/pkg_resources.html. The pkg_resources package is slated for removal as early as 2025-11-30. Refrain from using this package or pin to Setuptools<81.
  import pkg_resources
Building prefix dict from the default dictionary ...
Loading model from cache C:\Users\92842\AppData\Local\Temp\jieba.cache
Loading model cost 0.432 seconds.
Prefix dict has been built successfully.
[1/13] direct-004 …
[2/13] direct-009 …
重排服务不可用，已退回 RRF 融合顺序：RerankerApiError
[3/13] direct-012 …
[4/13] direct-016 …
[5/13] cross-021 …
[6/13] asof-033 …
[7/13] confuse-045 …
[8/13] direct-057 …
[9/13] direct-058 …
[10/13] cross-066 …
[11/13] followup-072 …
[12/13] asof-074 …
[13/13] direct-090 …

==== 评测完成 ====
Recall@5=1.0000  MRR@10=0.8718  引用正确率=1.0000  拒答准确率=0.0000
报告：C:\Users\92842\Desktop\rag\reports\eval_20260921_142330_b23_flip13.json
报告：C:\Users\92842\Desktop\rag\reports\eval_20260921_142330_b23_flip13.md
