C:\Users\92842\anaconda3\envs\rag\Lib\site-packages\jieba\_compat.py:18: UserWarning: pkg_resources is deprecated as an API. See https://setuptools.pypa.io/en/latest/pkg_resources.html. The pkg_resources package is slated for removal as early as 2025-11-30. Refrain from using this package or pin to Setuptools<81.
  import pkg_resources
Building prefix dict from the default dictionary ...
Loading model from cache C:\Users\92842\AppData\Local\Temp\jieba.cache
Loading model cost 0.454 seconds.
Prefix dict has been built successfully.
[自检通过] on 模式与生产 _compose_query 一致：'经济补偿 计算标准 这个期间怎么算 怎么算'
[A/B] TAIL_MODE=on（带「怎么算」尾巴）
[1/15] followup-025 …
[2/15] followup-026 …
[3/15] followup-027 …
[4/15] followup-028 …
[5/15] followup-029 …
[6/15] followup-030 …
[7/15] followup-069 …
[8/15] followup-070 …
[9/15] followup-071 …
[10/15] followup-072 …
[11/15] multiturn-001 …
[12/15] multiturn-002 …
[13/15] multiturn-003 …
[14/15] multiturn-004 …
[15/15] multiturn-005 …

==== 评测完成 ====
Recall@5=1.0000  MRR@10=0.6278  引用正确率=1.0000  拒答准确率=0.0000
multi_turn：改写命中率=1.0（分母 4）  第2轮 top5=1.0（分母 5）  回写=开
报告：C:\Users\92842\Desktop\rag\reports\eval_20260921_145507_b24_tail_on_r2.json
报告：C:\Users\92842\Desktop\rag\reports\eval_20260921_145507_b24_tail_on_r2.md
C:\Users\92842\anaconda3\envs\rag\Lib\site-packages\jieba\_compat.py:18: UserWarning: pkg_resources is deprecated as an API. See https://setuptools.pypa.io/en/latest/pkg_resources.html. The pkg_resources package is slated for removal as early as 2025-11-30. Refrain from using this package or pin to Setuptools<81.
  import pkg_resources
Building prefix dict from the default dictionary ...
Loading model from cache C:\Users\92842\AppData\Local\Temp\jieba.cache
Loading model cost 0.435 seconds.
Prefix dict has been built successfully.
[自检通过] on 模式与生产 _compose_query 一致：'经济补偿 计算标准 这个期间怎么算 怎么算'
[A/B] TAIL_MODE=off（不带尾巴）
[1/15] followup-025 …
[2/15] followup-026 …
[3/15] followup-027 …
[4/15] followup-028 …
[5/15] followup-029 …
[6/15] followup-030 …
[7/15] followup-069 …
[8/15] followup-070 …
[9/15] followup-071 …
[10/15] followup-072 …
[11/15] multiturn-001 …
[12/15] multiturn-002 …
[13/15] multiturn-003 …
[14/15] multiturn-004 …
[15/15] multiturn-005 …

==== 评测完成 ====
Recall@5=1.0000  MRR@10=0.6444  引用正确率=1.0000  拒答准确率=0.0000
multi_turn：改写命中率=1.0（分母 4）  第2轮 top5=1.0（分母 5）  回写=开
报告：C:\Users\92842\Desktop\rag\reports\eval_20260921_145737_b24_tail_off_r2.json
报告：C:\Users\92842\Desktop\rag\reports\eval_20260921_145737_b24_tail_off_r2.md
