C:\Users\92842\anaconda3\envs\rag\Lib\site-packages\jieba\_compat.py:18: UserWarning: pkg_resources is deprecated as an API. See https://setuptools.pypa.io/en/latest/pkg_resources.html. The pkg_resources package is slated for removal as early as 2025-11-30. Refrain from using this package or pin to Setuptools<81.
  import pkg_resources
Building prefix dict from the default dictionary ...
Loading model from cache C:\Users\92842\AppData\Local\Temp\jieba.cache
Loading model cost 0.447 seconds.
Prefix dict has been built successfully.
[1/100] direct-001 …
[2/100] direct-002 …
[3/100] direct-003 …
[4/100] direct-004 …
[5/100] direct-005 …
[6/100] direct-006 …
[7/100] direct-007 …
[8/100] direct-008 …
[9/100] direct-009 …
[10/100] direct-010 …
[11/100] direct-011 …
[12/100] direct-012 …
[13/100] direct-013 …
[14/100] direct-014 …
[15/100] direct-015 …
[16/100] direct-016 …
[17/100] cross-017 …
[18/100] cross-018 …
[19/100] cross-019 …
[20/100] cross-020 …
[21/100] cross-021 …
[22/100] cross-022 …
[23/100] cross-023 …
[24/100] cross-024 …
[25/100] followup-025 …
[26/100] followup-026 …
[27/100] followup-027 …
[28/100] followup-028 …
[29/100] followup-029 …
[30/100] followup-030 …
[31/100] asof-031 …
[32/100] asof-032 …
[33/100] asof-033 …
[34/100] asof-034 …
[35/100] asof-035 …
[36/100] asof-036 …
[37/100] refusal-037 …
[38/100] refusal-038 …
[39/100] refusal-039 …
[40/100] refusal-040 …
[41/100] refusal-041 …
[42/100] refusal-042 …
[43/100] refusal-043 …
[44/100] refusal-044 …
[45/100] confuse-045 …
[46/100] confuse-046 …
[47/100] confuse-047 …
[48/100] confuse-048 …
[49/100] confuse-049 …
[50/100] confuse-050 …
[51/100] direct-051 …
[52/100] direct-052 …
[53/100] direct-053 …
[54/100] direct-054 …
[55/100] direct-055 …
[56/100] direct-056 …
[57/100] direct-057 …
[58/100] direct-058 …
[59/100] direct-059 …
[60/100] direct-060 …
[61/100] direct-061 …
[62/100] direct-062 …
[63/100] cross-063 …
[64/100] cross-064 …
[65/100] cross-065 …
[66/100] cross-066 …
[67/100] cross-067 …
[68/100] cross-068 …
[69/100] followup-069 …
[70/100] followup-070 …
[71/100] followup-071 …
[72/100] followup-072 …
[73/100] asof-073 …
[74/100] asof-074 …
[75/100] asof-075 …
[76/100] refusal-076 …
[77/100] refusal-077 …
[78/100] refusal-078 …
[79/100] refusal-079 …
[80/100] refusal-080 …
[81/100] refusal-081 …
[82/100] refusal-082 …
[83/100] confuse-083 …
[84/100] confuse-084 …
[85/100] confuse-085 …
[86/100] direct-086 …
[87/100] direct-087 …
[88/100] direct-088 …
[89/100] direct-089 …
[90/100] direct-090 …
[91/100] direct-091 …
[92/100] direct-092 …
[93/100] direct-093 …
[94/100] direct-094 …
[95/100] direct-095 …
[96/100] multiturn-001 …
[97/100] multiturn-002 …
[98/100] multiturn-003 …
[99/100] multiturn-004 …
[100/100] multiturn-005 …

==== 评测完成 ====
Recall@5=0.9647  MRR@10=0.7601  引用正确率=1.0000  拒答准确率=0.9333
multi_turn：改写命中率=1.0（分母 4）  第2轮 top5=1.0（分母 5）  回写=开
报告：C:\Users\92842\Desktop\rag\reports\eval_20260921_152102_b24_split_after.json
报告：C:\Users\92842\Desktop\rag\reports\eval_20260921_152102_b24_split_after.md
