### R1 tail=on strip=single
C:\Users\92842\anaconda3\envs\rag\Lib\site-packages\jieba\_compat.py:18: UserWarning: pkg_resources is deprecated as an API. See https://setuptools.pypa.io/en/latest/pkg_resources.html. The pkg_resources package is slated for removal as early as 2025-11-30. Refrain from using this package or pin to Setuptools<81.
  import pkg_resources
Building prefix dict from the default dictionary ...
Loading model from cache C:\Users\92842\AppData\Local\Temp\jieba.cache
Loading model cost 0.431 seconds.
Prefix dict has been built successfully.
[自检 OK ] '那这个期间怎么算？' -> 生产='经济补偿 计算标准 这个期间怎么算' 复刻='经济补偿 计算标准 这个期间怎么算'
[自检 OK ] '那这个呢？' -> 生产='经济补偿 计算标准 这个' 复刻='经济补偿 计算标准 这个'
[自检 OK ] '这个怎么算' -> 生产='经济补偿 计算标准 怎么算' 复刻='经济补偿 计算标准 怎么算'
[自检 OK ] '呢？' -> 生产='经济补偿 计算标准' 复刻='经济补偿 计算标准'
[自检 OK ] '上述情况如何处理？' -> 生产='经济补偿 计算标准 情况如何处理' 复刻='经济补偿 计算标准 情况如何处理'
[自检 OK ] '那那那个怎么算' -> 生产='经济补偿 计算标准 那那个怎么算' 复刻='经济补偿 计算标准 那那个怎么算'
[自检通过] off+single 与生产 _compose_query 逐字一致

[A/B] TAIL_MODE=on  STRIP_MODE=single
[1/15] followup-025 …
[2/15] followup-026 …
[3/15] followup-027 …
[4/15] followup-028 …
[5/15] followup-029 …
[6/15] followup-030 …
[7/15] followup-069 …
[8/15] followup-070 …
[9/15] followup-071 …
[10/15] followup-072 …
[11/15] multiturn-001 …
[12/15] multiturn-002 …
[13/15] multiturn-003 …
[14/15] multiturn-004 …
[15/15] multiturn-005 …

==== 评测完成 ====
Recall@5=1.0000  MRR@10=0.6278  引用正确率=1.0000  拒答准确率=0.0000
multi_turn：改写命中率=1.0（分母 4）  第2轮 top5=1.0（分母 5）  回写=开
报告：C:\Users\92842\Desktop\rag\reports\eval_20260921_161933_b24b_on_single.json
报告：C:\Users\92842\Desktop\rag\reports\eval_20260921_161933_b24b_on_single.md
### R2 tail=off strip=single
C:\Users\92842\anaconda3\envs\rag\Lib\site-packages\jieba\_compat.py:18: UserWarning: pkg_resources is deprecated as an API. See https://setuptools.pypa.io/en/latest/pkg_resources.html. The pkg_resources package is slated for removal as early as 2025-11-30. Refrain from using this package or pin to Setuptools<81.
  import pkg_resources
Building prefix dict from the default dictionary ...
Loading model from cache C:\Users\92842\AppData\Local\Temp\jieba.cache
Loading model cost 0.412 seconds.
Prefix dict has been built successfully.
[自检 OK ] '那这个期间怎么算？' -> 生产='经济补偿 计算标准 这个期间怎么算' 复刻='经济补偿 计算标准 这个期间怎么算'
[自检 OK ] '那这个呢？' -> 生产='经济补偿 计算标准 这个' 复刻='经济补偿 计算标准 这个'
[自检 OK ] '这个怎么算' -> 生产='经济补偿 计算标准 怎么算' 复刻='经济补偿 计算标准 怎么算'
[自检 OK ] '呢？' -> 生产='经济补偿 计算标准' 复刻='经济补偿 计算标准'
[自检 OK ] '上述情况如何处理？' -> 生产='经济补偿 计算标准 情况如何处理' 复刻='经济补偿 计算标准 情况如何处理'
[自检 OK ] '那那那个怎么算' -> 生产='经济补偿 计算标准 那那个怎么算' 复刻='经济补偿 计算标准 那那个怎么算'
[自检通过] off+single 与生产 _compose_query 逐字一致

[A/B] TAIL_MODE=off  STRIP_MODE=single
[1/15] followup-025 …
[2/15] followup-026 …
[3/15] followup-027 …
[4/15] followup-028 …
[5/15] followup-029 …
[6/15] followup-030 …
[7/15] followup-069 …
[8/15] followup-070 …
[9/15] followup-071 …
[10/15] followup-072 …
[11/15] multiturn-001 …
[12/15] multiturn-002 …
[13/15] multiturn-003 …
[14/15] multiturn-004 …
[15/15] multiturn-005 …

==== 评测完成 ====
Recall@5=1.0000  MRR@10=0.6444  引用正确率=1.0000  拒答准确率=0.0000
multi_turn：改写命中率=1.0（分母 4）  第2轮 top5=1.0（分母 5）  回写=开
报告：C:\Users\92842\Desktop\rag\reports\eval_20260921_162200_b24b_off_single.json
报告：C:\Users\92842\Desktop\rag\reports\eval_20260921_162200_b24b_off_single.md
### R3 tail=off strip=loop
C:\Users\92842\anaconda3\envs\rag\Lib\site-packages\jieba\_compat.py:18: UserWarning: pkg_resources is deprecated as an API. See https://setuptools.pypa.io/en/latest/pkg_resources.html. The pkg_resources package is slated for removal as early as 2025-11-30. Refrain from using this package or pin to Setuptools<81.
  import pkg_resources
Building prefix dict from the default dictionary ...
Loading model from cache C:\Users\92842\AppData\Local\Temp\jieba.cache
Loading model cost 0.412 seconds.
Prefix dict has been built successfully.
[自检 OK ] '那这个期间怎么算？' -> 生产='经济补偿 计算标准 这个期间怎么算' 复刻='经济补偿 计算标准 这个期间怎么算'
[自检 OK ] '那这个呢？' -> 生产='经济补偿 计算标准 这个' 复刻='经济补偿 计算标准 这个'
[自检 OK ] '这个怎么算' -> 生产='经济补偿 计算标准 怎么算' 复刻='经济补偿 计算标准 怎么算'
[自检 OK ] '呢？' -> 生产='经济补偿 计算标准' 复刻='经济补偿 计算标准'
[自检 OK ] '上述情况如何处理？' -> 生产='经济补偿 计算标准 情况如何处理' 复刻='经济补偿 计算标准 情况如何处理'
[自检 OK ] '那那那个怎么算' -> 生产='经济补偿 计算标准 那那个怎么算' 复刻='经济补偿 计算标准 那那个怎么算'
[自检通过] off+single 与生产 _compose_query 逐字一致

[A/B] TAIL_MODE=off  STRIP_MODE=loop
[1/15] followup-025 …
[2/15] followup-026 …
[3/15] followup-027 …
[4/15] followup-028 …
[5/15] followup-029 …
[6/15] followup-030 …
[7/15] followup-069 …
[8/15] followup-070 …
[9/15] followup-071 …
[10/15] followup-072 …
[11/15] multiturn-001 …
[12/15] multiturn-002 …
[13/15] multiturn-003 …
[14/15] multiturn-004 …
[15/15] multiturn-005 …

==== 评测完成 ====
Recall@5=1.0000  MRR@10=0.6444  引用正确率=1.0000  拒答准确率=0.0000
multi_turn：改写命中率=1.0（分母 4）  第2轮 top5=1.0（分母 5）  回写=开
报告：C:\Users\92842\Desktop\rag\reports\eval_20260921_162436_b24b_off_loop.json
报告：C:\Users\92842\Desktop\rag\reports\eval_20260921_162436_b24b_off_loop.md
