2026-09-29 10:58:20 | INFO    | logger | 日志系统已初始化 | level=INFO | file=D:\Users\ETERNITY\Desktop\法律项目\logs\app.log
2026-09-29 10:58:20 | INFO    | test | 测试日志 1
2026-09-29 10:58:20 | WARNING | test | 测试警告 2
2026-09-29 10:58:27 | INFO    | logger | 日志系统已初始化 | level=INFO | file=D:\Users\ETERNITY\Desktop\法律项目\logs\app.log
2026-09-29 10:58:27 | INFO    | web | ========================================================
2026-09-29 10:58:27 | INFO    | web |   法律RAG问答系统 · Web 服务
2026-09-29 10:58:27 | INFO    | web |   http://localhost:8000/
2026-09-29 10:58:27 | INFO    | web |   对话存储: D:\Users\ETERNITY\Desktop\法律项目\data\conversations
2026-09-29 10:58:27 | INFO    | web |   日志文件: D:\Users\ETERNITY\Desktop\法律项目\logs\app.log
2026-09-29 10:58:27 | INFO    | web | ========================================================
2026-09-29 10:58:27 | INFO    | web | [Web] 服务器已启动: http://localhost:8000/
2026-09-29 10:58:27 | INFO    | RoleManager | 角色加载完成：成功 3，失败 0
2026-09-29 10:58:27 | INFO    | web | [Web] 已加载角色: ['case_analyst', 'lawyer_friend', 'npc_opponent']
2026-09-29 10:58:28 | INFO    | web | [HTTP] GET / -> 200 0.5ms
2026-09-29 10:58:28 | INFO    | web | [HTTP] GET /status -> 200 0.0ms
2026-09-29 10:58:29 | INFO    | web | [HTTP] GET /roles -> 200 0.0ms
2026-09-29 10:58:29 | INFO    | web | [HTTP] GET /favicon.ico -> 204 0.0ms
2026-09-29 10:58:29 | INFO    | web | [HTTP] GET /conversations -> 200 4.1ms
2026-09-29 10:58:30 | INFO    | numexpr.utils | Note: NumExpr detected 16 cores but "NUMEXPR_MAX_THREADS" not set, so enforcing safe limit of 8.
2026-09-29 10:58:30 | INFO    | numexpr.utils | NumExpr defaulting to 8 threads.
2026-09-29 10:58:30 | INFO    | web | [HTTP] GET /status -> 200 0.0ms
2026-09-29 10:58:31 | INFO    | faiss.loader | Loading faiss with AVX2 support.
2026-09-29 10:58:31 | INFO    | faiss.loader | Successfully loaded faiss with AVX2 support.
2026-09-29 10:58:31 | INFO    | milvus_lite.server_manager | MilvusLite server started for C:\Users\ETERNITY\AppData\Local\Temp\milvus_legal_rag.db on port 54230
2026-09-29 10:58:31 | INFO    | rag_chain | [Redis] 未连接(No module named 'redis')，降级为内存存储
2026-09-29 10:58:31 | INFO    | rag_chain | [RAGChain] 初始化完成
2026-09-29 10:58:31 | INFO    | web | [Web] RAG初始化完成
2026-09-29 10:58:32 | INFO    | web | [HTTP] GET /status -> 200 0.0ms
2026-09-29 10:59:36 | INFO    | web | [HTTP] GET /logs?n=10 -> 200 1.0ms
2026-09-29 10:59:43 | INFO    | web | [/ask] uid=log-test-user role=lawyer_friend sid=log-test-sid q=?????????????
2026-09-29 10:59:43 | INFO    | rag_chain | [invoke] user=log-test-user role=lawyer_friend sid=log-test-sid q=?????????????
2026-09-29 10:59:49 | INFO    | httpx | HTTP Request: POST http://localhost:11434/api/embed "HTTP/1.1 200 OK"
2026-09-29 10:59:51 | INFO    | rag_chain | [invoke] 检索命中 dense=20 sparse=20
2026-09-29 11:00:34 | WARNING | rag_chain | [Reranker] 降级为原始分数排序: We couldn't connect to 'https://huggingface.co' to load the files, and couldn't find them in the cached files.
Check your internet connection or see how to run the library in offline mode at 'https://huggingface.co/docs/transformers/installation#offline-mode'.
2026-09-29 11:00:34 | INFO    | httpx | HTTP Request: POST http://localhost:11434/api/embed "HTTP/1.1 200 OK"
2026-09-29 11:00:36 | INFO    | httpx | HTTP Request: POST http://localhost:11434/api/chat "HTTP/1.1 200 OK"
2026-09-29 11:00:36 | INFO    | httpx | HTTP Request: POST http://localhost:11434/api/embed "HTTP/1.1 200 OK"
2026-09-29 11:00:36 | INFO    | httpx | HTTP Request: POST http://localhost:11434/api/embed "HTTP/1.1 200 OK"
2026-09-29 11:00:36 | INFO    | rag_chain | [invoke] 完成 dt=52.52s ans_len=34 sources=5 recall=0
2026-09-29 11:00:36 | INFO    | web | [HTTP] POST /ask -> 200 52890.8ms
2026-09-29 11:00:42 | INFO    | web | [HTTP] GET /logs?n=15 -> 200 13.1ms
2026-09-29 11:00:50 | INFO    | web | [HTTP] GET /logs?n=50&level=WARNING -> 200 11.4ms
2026-09-29 11:00:55 | INFO    | web | [DELETE] /conversations/log-test-sid ok=True
2026-09-29 11:00:55 | INFO    | web | [HTTP] DELETE /conversations/log-test-sid -> 200 63.5ms
2026-09-29 11:01:00 | INFO    | web | [HTTP] GET /logs?n=3&level=INFO -> 200 12.6ms
2026-09-29 11:01:06 | INFO    | logger | 日志系统已初始化 | level=INFO | file=D:\Users\ETERNITY\Desktop\法律项目\logs\app.log
2026-09-29 11:02:30 | INFO    | logger | 日志系统已初始化 | level=INFO | file=D:\Users\ETERNITY\Desktop\法律项目\logs\app.log
2026-09-29 11:02:30 | INFO    | web | ========================================================
2026-09-29 11:02:30 | INFO    | web |   法律RAG问答系统 · Web 服务
2026-09-29 11:02:30 | INFO    | web |   http://localhost:8000/
2026-09-29 11:02:30 | INFO    | web |   对话存储: D:\Users\ETERNITY\Desktop\法律项目\data\conversations
2026-09-29 11:02:30 | INFO    | web |   日志文件: D:\Users\ETERNITY\Desktop\法律项目\logs\app.log
2026-09-29 11:02:30 | INFO    | web | ========================================================
2026-09-29 11:02:31 | INFO    | web | [Web] 服务器已启动: http://localhost:8000/
2026-09-29 11:02:31 | INFO    | RoleManager | 角色加载完成：成功 3，失败 0
2026-09-29 11:02:31 | INFO    | web | [Web] 已加载角色: ['case_analyst', 'lawyer_friend', 'npc_opponent']
2026-09-29 11:02:31 | INFO    | web | [HTTP] GET / -> 200 1.0ms
2026-09-29 11:02:32 | INFO    | web | [HTTP] GET /status -> 200 0.0ms
2026-09-29 11:02:32 | INFO    | web | [HTTP] GET /roles -> 200 0.0ms
2026-09-29 11:02:32 | INFO    | web | [HTTP] GET /conversations -> 200 4.4ms
2026-09-29 11:02:32 | INFO    | web | [HTTP] GET /favicon.ico -> 204 0.0ms
2026-09-29 11:02:32 | INFO    | faiss.loader | Loading faiss with AVX2 support.
2026-09-29 11:02:32 | INFO    | faiss.loader | Could not load library with AVX2 support due to:
ModuleNotFoundError("No module named 'faiss.swigfaiss_avx2'")
2026-09-29 11:02:32 | INFO    | faiss.loader | Loading faiss.
2026-09-29 11:02:33 | INFO    | faiss.loader | Successfully loaded faiss.
2026-09-29 11:02:33 | INFO    | milvus_lite.server_manager | MilvusLite server started for C:\Users\ETERNITY\AppData\Local\Temp\milvus_legal_rag.db on port 55597
2026-09-29 11:02:33 | INFO    | web | [HTTP] GET /status -> 200 1.0ms
2026-09-29 11:02:35 | INFO    | web | [HTTP] GET /status -> 200 0.0ms
2026-09-29 11:02:36 | INFO    | web | [HTTP] GET /status -> 200 0.0ms
2026-09-29 11:02:38 | INFO    | web | [HTTP] GET /status -> 200 0.0ms
2026-09-29 11:02:46 | INFO    | web | [HTTP] GET / -> 200 1.5ms
2026-09-29 11:02:46 | INFO    | web | [HTTP] GET /status -> 200 0.0ms
2026-09-29 11:02:46 | INFO    | web | [HTTP] GET /favicon.ico -> 204 0.0ms
2026-09-29 11:02:46 | INFO    | web | [HTTP] GET /roles -> 200 0.0ms
2026-09-29 11:02:47 | INFO    | web | [HTTP] GET /conversations -> 200 1.8ms
2026-09-29 11:02:47 | INFO    | web | [HTTP] GET /status -> 200 0.0ms
2026-09-29 11:02:49 | INFO    | web | [HTTP] GET /status -> 200 0.0ms
2026-09-29 11:23:30 | INFO    | logger | 日志系统已初始化 | level=INFO | file=D:\Users\ETERNITY\Desktop\法律项目\logs\app.log
2026-09-29 11:23:30 | INFO    | web | ========================================================
2026-09-29 11:23:30 | INFO    | web |   法律RAG问答系统 · Web 服务
2026-09-29 11:23:30 | INFO    | web |   http://localhost:8000/
2026-09-29 11:23:30 | INFO    | web |   对话存储: D:\Users\ETERNITY\Desktop\法律项目\data\conversations
2026-09-29 11:23:30 | INFO    | web |   日志文件: D:\Users\ETERNITY\Desktop\法律项目\logs\app.log
2026-09-29 11:23:30 | INFO    | web | ========================================================
2026-09-29 11:23:30 | INFO    | web | [Web] 服务器已启动: http://localhost:8000/
2026-09-29 11:23:30 | INFO    | RoleManager | 角色加载完成：成功 3，失败 0
2026-09-29 11:23:30 | INFO    | web | [Web] 已加载角色: ['case_analyst', 'lawyer_friend', 'npc_opponent']
2026-09-29 11:23:31 | INFO    | web | [HTTP] GET / -> 200 1.0ms
2026-09-29 11:23:31 | INFO    | web | [HTTP] GET /status -> 200 0.0ms
2026-09-29 11:23:31 | INFO    | web | [HTTP] GET /roles -> 200 0.0ms
2026-09-29 11:23:31 | INFO    | faiss.loader | Loading faiss with AVX2 support.
2026-09-29 11:23:31 | INFO    | faiss.loader | Could not load library with AVX2 support due to:
ModuleNotFoundError("No module named 'faiss.swigfaiss_avx2'")
2026-09-29 11:23:31 | INFO    | faiss.loader | Loading faiss.
2026-09-29 11:23:31 | INFO    | faiss.loader | Successfully loaded faiss.
2026-09-29 11:23:32 | INFO    | milvus_lite.server_manager | MilvusLite server started for C:\Users\ETERNITY\AppData\Local\Temp\milvus_legal_rag.db on port 58276
2026-09-29 11:23:32 | INFO    | web | [HTTP] GET /conversations -> 200 2.0ms
2026-09-29 11:23:32 | INFO    | web | [HTTP] GET /favicon.ico -> 204 0.0ms
2026-09-29 11:23:33 | INFO    | web | [HTTP] GET /status -> 200 1.0ms
2026-09-29 11:23:35 | INFO    | web | [Web] 服务器已停止
2026-09-29 11:23:35 | INFO    | milvus_lite.server_manager | MilvusLite server stopped for C:\Users\ETERNITY\AppData\Local\Temp\milvus_legal_rag.db (port 58276)
2026-09-29 16:19:16 | INFO    | logger | 日志系统已初始化 | level=INFO | file=D:\Users\ETERNITY\Desktop\法律项目\logs\app.log
2026-09-29 16:19:16 | INFO    | web | ========================================================
2026-09-29 16:19:16 | INFO    | web |   法律RAG问答系统 · Web 服务
2026-09-29 16:19:16 | INFO    | web |   http://localhost:8000/
2026-09-29 16:19:16 | INFO    | web |   对话存储: D:\Users\ETERNITY\Desktop\法律项目\data\conversations
2026-09-29 16:19:16 | INFO    | web |   日志文件: D:\Users\ETERNITY\Desktop\法律项目\logs\app.log
2026-09-29 16:19:16 | INFO    | web | ========================================================
2026-09-29 16:19:16 | INFO    | web | [Web] 服务器已启动: http://localhost:8000/
2026-09-29 16:19:16 | INFO    | RoleManager | 角色加载完成：成功 3，失败 0
2026-09-29 16:19:16 | INFO    | web | [Web] 已加载角色: ['case_analyst', 'lawyer_friend', 'npc_opponent']
2026-09-29 16:19:17 | INFO    | web | [HTTP] GET / -> 200 3.0ms
2026-09-29 16:19:17 | INFO    | web | [HTTP] GET /status -> 200 0.0ms
2026-09-29 16:19:17 | INFO    | web | [HTTP] GET /roles -> 200 0.0ms
2026-09-29 16:19:18 | INFO    | web | [HTTP] GET /conversations -> 200 2.0ms
2026-09-29 16:19:18 | INFO    | web | [HTTP] GET /favicon.ico -> 204 0.0ms
2026-09-29 16:19:18 | INFO    | faiss.loader | Loading faiss with AVX2 support.
2026-09-29 16:19:18 | INFO    | faiss.loader | Could not load library with AVX2 support due to:
ModuleNotFoundError("No module named 'faiss.swigfaiss_avx2'")
2026-09-29 16:19:18 | INFO    | faiss.loader | Loading faiss.
2026-09-29 16:19:18 | INFO    | faiss.loader | Successfully loaded faiss.
2026-09-29 16:19:18 | INFO    | milvus_lite.server_manager | MilvusLite server started for C:\Users\ETERNITY\AppData\Local\Temp\milvus_legal_rag.db on port 61591
2026-09-29 16:19:19 | INFO    | web | [HTTP] GET /status -> 200 0.0ms
2026-09-29 16:19:19 | INFO    | web | [HTTP] GET /conversations/6287e52c-29c4-4b2f-a06c-984871b3b28d -> 200 1.0ms
2026-09-29 16:19:20 | INFO    | web | [HTTP] GET /conversations -> 200 2.0ms
2026-09-29 16:19:20 | INFO    | web | [HTTP] GET /status -> 200 0.0ms
2026-09-29 16:19:22 | INFO    | web | [HTTP] GET /status -> 200 1.0ms
2026-09-29 16:19:24 | INFO    | web | [HTTP] GET /status -> 200 0.0ms
2026-09-29 16:19:25 | INFO    | web | [HTTP] GET /status -> 200 0.0ms
2026-09-29 16:19:27 | INFO    | web | [HTTP] GET /status -> 200 0.0ms
2026-09-29 16:19:29 | INFO    | web | [HTTP] GET /status -> 200 1.0ms
2026-09-29 16:19:30 | INFO    | web | [HTTP] GET /status -> 200 1.0ms
2026-09-29 16:19:32 | INFO    | web | [HTTP] GET /status -> 200 0.0ms
2026-09-29 16:19:34 | INFO    | web | [HTTP] GET /status -> 200 0.0ms
2026-09-29 16:19:35 | INFO    | web | [HTTP] GET /status -> 200 0.0ms
2026-09-29 16:19:37 | INFO    | web | [HTTP] GET /status -> 200 0.0ms
2026-09-29 16:19:39 | INFO    | web | [HTTP] GET /status -> 200 1.0ms
2026-09-29 16:19:40 | INFO    | web | [HTTP] GET /status -> 200 0.0ms
2026-09-29 16:19:42 | INFO    | web | [HTTP] GET /status -> 200 0.0ms
2026-09-29 16:19:44 | INFO    | web | [HTTP] GET /status -> 200 0.0ms
2026-09-29 16:19:45 | INFO    | web | [HTTP] GET /conversations -> 200 2.0ms
2026-09-29 16:19:45 | INFO    | web | [HTTP] GET /status -> 200 0.0ms
2026-09-29 16:19:47 | INFO    | web | [HTTP] GET /status -> 200 0.0ms
2026-09-29 16:19:48 | INFO    | web | [HTTP] GET /status -> 200 0.0ms
2026-09-29 16:20:03 | INFO    | web | [Web] 服务器已停止
2026-09-29 16:20:03 | INFO    | milvus_lite.server_manager | MilvusLite server stopped for C:\Users\ETERNITY\AppData\Local\Temp\milvus_legal_rag.db (port 61591)
